Archive member included to satisfy reference by file (symbol)

/opt/st/stm32cubeide_1.15.1/plugins/com.st.stm32cube.ide.mcu.externaltools.gnu-tools-for-stm32.12.3.rel1.linux64_1.0.100.202403111256/tools/bin/../lib/gcc/arm-none-eabi/12.3.1/../../../../arm-none-eabi/lib/thumb/v6-m/nofp/libc_nano.a(libc_a-exit.o)
                              /opt/st/stm32cubeide_1.15.1/plugins/com.st.stm32cube.ide.mcu.externaltools.gnu-tools-for-stm32.12.3.rel1.linux64_1.0.100.202403111256/tools/bin/../lib/gcc/arm-none-eabi/12.3.1/../../../../arm-none-eabi/lib/thumb/v6-m/nofp/crt0.o (exit)
/opt/st/stm32cubeide_1.15.1/plugins/com.st.stm32cube.ide.mcu.externaltools.gnu-tools-for-stm32.12.3.rel1.linux64_1.0.100.202403111256/tools/bin/../lib/gcc/arm-none-eabi/12.3.1/../../../../arm-none-eabi/lib/thumb/v6-m/nofp/libc_nano.a(libc_a-findfp.o)
                              ./Middlewares/FreeRTOS/tasks.o (__sf)
/opt/st/stm32cubeide_1.15.1/plugins/com.st.stm32cube.ide.mcu.externaltools.gnu-tools-for-stm32.12.3.rel1.linux64_1.0.100.202403111256/tools/bin/../lib/gcc/arm-none-eabi/12.3.1/../../../../arm-none-eabi/lib/thumb/v6-m/nofp/libc_nano.a(libc_a-fwalk.o)
                              /opt/st/stm32cubeide_1.15.1/plugins/com.st.stm32cube.ide.mcu.externaltools.gnu-tools-for-stm32.12.3.rel1.linux64_1.0.100.202403111256/tools/bin/../lib/gcc/arm-none-eabi/12.3.1/../../../../arm-none-eabi/lib/thumb/v6-m/nofp/libc_nano.a(libc_a-findfp.o) (_fwalk_sglue)
/opt/st/stm32cubeide_1.15.1/plugins/com.st.stm32cube.ide.mcu.externaltools.gnu-tools-for-stm32.12.3.rel1.linux64_1.0.100.202403111256/tools/bin/../lib/gcc/arm-none-eabi/12.3.1/../../../../arm-none-eabi/lib/thumb/v6-m/nofp/libc_nano.a(libc_a-stdio.o)
                              /opt/st/stm32cubeide_1.15.1/plugins/com.st.stm32cube.ide.mcu.externaltools.gnu-tools-for-stm32.12.3.rel1.linux64_1.0.100.202403111256/tools/bin/../lib/gcc/arm-none-eabi/12.3.1/../../../../arm-none-eabi/lib/thumb/v6-m/nofp/libc_nano.a(libc_a-findfp.o) (__sread)
/opt/st/stm32cubeide_1.15.1/plugins/com.st.stm32cube.ide.mcu.externaltools.gnu-tools-for-stm32.12.3.rel1.linux64_1.0.100.202403111256/tools/bin/../lib/gcc/arm-none-eabi/12.3.1/../../../../arm-none-eabi/lib/thumb/v6-m/nofp/libc_nano.a(libc_a-memset.o)
                              /opt/st/stm32cubeide_1.15.1/plugins/com.st.stm32cube.ide.mcu.externaltools.gnu-tools-for-stm32.12.3.rel1.linux64_1.0.100.202403111256/tools/bin/../lib/gcc/arm-none-eabi/12.3.1/../../../../arm-none-eabi/lib/thumb/v6-m/nofp/crt0.o (memset)
/opt/st/stm32cubeide_1.15.1/plugins/com.st.stm32cube.ide.mcu.externaltools.gnu-tools-for-stm32.12.3.rel1.linux64_1.0.100.202403111256/tools/bin/../lib/gcc/arm-none-eabi/12.3.1/../../../../arm-none-eabi/lib/thumb/v6-m/nofp/libc_nano.a(libc_a-closer.o)
                              /opt/st/stm32cubeide_1.15.1/plugins/com.st.stm32cube.ide.mcu.externaltools.gnu-tools-for-stm32.12.3.rel1.linux64_1.0.100.202403111256/tools/bin/../lib/gcc/arm-none-eabi/12.3.1/../../../../arm-none-eabi/lib/thumb/v6-m/nofp/libc_nano.a(libc_a-stdio.o) (_close_r)
/opt/st/stm32cubeide_1.15.1/plugins/com.st.stm32cube.ide.mcu.externaltools.gnu-tools-for-stm32.12.3.rel1.linux64_1.0.100.202403111256/tools/bin/../lib/gcc/arm-none-eabi/12.3.1/../../../../arm-none-eabi/lib/thumb/v6-m/nofp/libc_nano.a(libc_a-reent.o)
                              ./Middlewares/FreeRTOS/tasks.o (_reclaim_reent)
/opt/st/stm32cubeide_1.15.1/plugins/com.st.stm32cube.ide.mcu.externaltools.gnu-tools-for-stm32.12.3.rel1.linux64_1.0.100.202403111256/tools/bin/../lib/gcc/arm-none-eabi/12.3.1/../../../../arm-none-eabi/lib/thumb/v6-m/nofp/libc_nano.a(libc_a-impure.o)
                              ./Middlewares/FreeRTOS/tasks.o (_impure_ptr)
/opt/st/stm32cubeide_1.15.1/plugins/com.st.stm32cube.ide.mcu.externaltools.gnu-tools-for-stm32.12.3.rel1.linux64_1.0.100.202403111256/tools/bin/../lib/gcc/arm-none-eabi/12.3.1/../../../../arm-none-eabi/lib/thumb/v6-m/nofp/libc_nano.a(libc_a-lseekr.o)
                              /opt/st/stm32cubeide_1.15.1/plugins/com.st.stm32cube.ide.mcu.externaltools.gnu-tools-for-stm32.12.3.rel1.linux64_1.0.100.202403111256/tools/bin/../lib/gcc/arm-none-eabi/12.3.1/../../../../arm-none-eabi/lib/thumb/v6-m/nofp/libc_nano.a(libc_a-stdio.o) (_lseek_r)
/opt/st/stm32cubeide_1.15.1/plugins/com.st.stm32cube.ide.mcu.externaltools.gnu-tools-for-stm32.12.3.rel1.linux64_1.0.100.202403111256/tools/bin/../lib/gcc/arm-none-eabi/12.3.1/../../../../arm-none-eabi/lib/thumb/v6-m/nofp/libc_nano.a(libc_a-readr.o)
                              /opt/st/stm32cubeide_1.15.1/plugins/com.st.stm32cube.ide.mcu.externaltools.gnu-tools-for-stm32.12.3.rel1.linux64_1.0.100.202403111256/tools/bin/../lib/gcc/arm-none-eabi/12.3.1/../../../../arm-none-eabi/lib/thumb/v6-m/nofp/libc_nano.a(libc_a-stdio.o) (_read_r)
[...]
Memory Configuration

Name             Origin             Length             Attributes
RAM              0x20000000         0x00001000         xrw
FLASH            0x08000000         0x00008000         xr
*default*        0x00000000         0xffffffff

Linker script and memory map

LOAD /opt/st/stm32cubeide_1.15.1/plugins/com.st.stm32cube.ide.mcu.externaltools.gnu-tools-for-stm32.12.3.rel1.linux64_1.0.100.202403111256/tools/bin/../lib/gcc/arm-none-eabi/12.3.1/thumb/v6-m/nofp/crti.o
LOAD /opt/st/stm32cubeide_1.15.1/plugins/com.st.stm32cube.ide.mcu.externaltools.gnu-tools-for-stm32.12.3.rel1.linux64_1.0.100.202403111256/tools/bin/../lib/gcc/arm-none-eabi/12.3.1/thumb/v6-m/nofp/crtbegin.o
LOAD /opt/st/stm32cubeide_1.15.1/plugins/com.st.stm32cube.ide.mcu.externaltools.gnu-tools-for-stm32.12.3.rel1.linux64_1.0.100.202403111256/tools/bin/../lib/gcc/arm-none-eabi/12.3.1/../../../../arm-none-eabi/lib/thumb/v6-m/nofp/crt0.o
LOAD ./Core/Src/freertos.o
LOAD ./Core/Src/gpio.o
LOAD ./Core/Src/i2c.o
LOAD ./Core/Src/main.o
LOAD ./Core/Src/stm32f0xx_hal_msp.o
LOAD ./Core/Src/stm32f0xx_hal_timebase_tim.o
LOAD ./Core/Src/stm32f0xx_it.o
LOAD ./Core/Src/syscalls.o
LOAD ./Core/Src/sysmem.o
LOAD ./Core/Src/system_stm32f0xx.o
LOAD ./Core/Src/usart.o
LOAD ./Core/Startup/startup_stm32f031k6ux.o
LOAD ./Drivers/STM32F0xx_HAL_Driver/stm32f0xx_hal.o
LOAD ./Drivers/STM32F0xx_HAL_Driver/stm32f0xx_hal_cortex.o
LOAD ./Drivers/STM32F0xx_HAL_Driver/stm32f0xx_hal_dma.o
LOAD ./Drivers/STM32F0xx_HAL_Driver/stm32f0xx_hal_exti.o
LOAD ./Drivers/STM32F0xx_HAL_Driver/stm32f0xx_hal_flash.o
LOAD ./Drivers/STM32F0xx_HAL_Driver/stm32f0xx_hal_flash_ex.o
LOAD ./Drivers/STM32F0xx_HAL_Driver/stm32f0xx_hal_gpio.o
LOAD ./Drivers/STM32F0xx_HAL_Driver/stm32f0xx_hal_i2c.o
LOAD ./Drivers/STM32F0xx_HAL_Driver/stm32f0xx_hal_i2c_ex.o
LOAD ./Drivers/STM32F0xx_HAL_Driver/stm32f0xx_hal_pwr.o
LOAD ./Drivers/STM32F0xx_HAL_Driver/stm32f0xx_hal_pwr_ex.o
LOAD ./Drivers/STM32F0xx_HAL_Driver/stm32f0xx_hal_rcc.o
LOAD ./Drivers/STM32F0xx_HAL_Driver/stm32f0xx_hal_rcc_ex.o
LOAD ./Drivers/STM32F0xx_HAL_Driver/stm32f0xx_hal_tim.o
LOAD ./Drivers/STM32F0xx_HAL_Driver/stm32f0xx_hal_tim_ex.o
LOAD ./Drivers/STM32F0xx_HAL_Driver/stm32f0xx_hal_uart.o
LOAD ./Drivers/STM32F0xx_HAL_Driver/stm32f0xx_hal_uart_ex.o
LOAD ./Middlewares/FreeRTOS/cmsis_os.o
LOAD ./Middlewares/FreeRTOS/croutine.o
LOAD ./Middlewares/FreeRTOS/event_groups.o
LOAD ./Middlewares/FreeRTOS/heap_4.o
LOAD ./Middlewares/FreeRTOS/list.o
LOAD ./Middlewares/FreeRTOS/port.o
LOAD ./Middlewares/FreeRTOS/queue.o
LOAD ./Middlewares/FreeRTOS/stream_buffer.o
LOAD ./Middlewares/FreeRTOS/tasks.o
LOAD ./Middlewares/FreeRTOS/timers.o
LOAD ./src/tasks/main_task.o
LOAD ./src/tasks/pc_task.o
LOAD ./src/tasks/read_task.o
START GROUP
LOAD /opt/st/stm32cubeide_1.15.1/plugins/com.st.stm32cube.ide.mcu.externaltools.gnu-tools-for-stm32.12.3.rel1.linux64_1.0.100.202403111256/tools/bin/../lib/gcc/arm-none-eabi/12.3.1/../../../../arm-none-eabi/lib/thumb/v6-m/nofp/libc_nano.a
LOAD /opt/st/stm32cubeide_1.15.1/plugins/com.st.stm32cube.ide.mcu.externaltools.gnu-tools-for-stm32.12.3.rel1.linux64_1.0.100.202403111256/tools/bin/../lib/gcc/arm-none-eabi/12.3.1/../../../../arm-none-eabi/lib/thumb/v6-m/nofp/libm.a
END GROUP
START GROUP
LOAD /opt/st/stm32cubeide_1.15.1/plugins/com.st.stm32cube.ide.mcu.externaltools.gnu-tools-for-stm32.12.3.rel1.linux64_1.0.100.202403111256/tools/bin/../lib/gcc/arm-none-eabi/12.3.1/thumb/v6-m/nofp/libgcc.a
LOAD /opt/st/stm32cubeide_1.15.1/plugins/com.st.stm32cube.ide.mcu.externaltools.gnu-tools-for-stm32.12.3.rel1.linux64_1.0.100.202403111256/tools/bin/../lib/gcc/arm-none-eabi/12.3.1/../../../../arm-none-eabi/lib/thumb/v6-m/nofp/libc_nano.a
END GROUP
START GROUP
LOAD /opt/st/stm32cubeide_1.15.1/plugins/com.st.stm32cube.ide.mcu.externaltools.gnu-tools-for-stm32.12.3.rel1.linux64_1.0.100.202403111256/tools/bin/../lib/gcc/arm-none-eabi/12.3.1/thumb/v6-m/nofp/libgcc.a
LOAD /opt/st/stm32cubeide_1.15.1/plugins/com.st.stm32cube.ide.mcu.externaltools.gnu-tools-for-stm32.12.3.rel1.linux64_1.0.100.202403111256/tools/bin/../lib/gcc/arm-none-eabi/12.3.1/../../../../arm-none-eabi/lib/thumb/v6-m/nofp/libc_nano.a
LOAD /opt/st/stm32cubeide_1.15.1/plugins/com.st.stm32cube.ide.mcu.externaltools.gnu-tools-for-stm32.12.3.rel1.linux64_1.0.100.202403111256/tools/bin/../lib/gcc/arm-none-eabi/12.3.1/../../../../arm-none-eabi/lib/thumb/v6-m/nofp/libnosys.a
END GROUP
START GROUP
LOAD /opt/st/stm32cubeide_1.15.1/plugins/com.st.stm32cube.ide.mcu.externaltools.gnu-tools-for-stm32.12.3.rel1.linux64_1.0.100.202403111256/tools/bin/../lib/gcc/arm-none-eabi/12.3.1/thumb/v6-m/nofp/libgcc.a
LOAD /opt/st/stm32cubeide_1.15.1/plugins/com.st.stm32cube.ide.mcu.externaltools.gnu-tools-for-stm32.12.3.rel1.linux64_1.0.100.202403111256/tools/bin/../lib/gcc/arm-none-eabi/12.3.1/../../../../arm-none-eabi/lib/thumb/v6-m/nofp/libc_nano.a
LOAD /opt/st/stm32cubeide_1.15.1/plugins/com.st.stm32cube.ide.mcu.externaltools.gnu-tools-for-stm32.12.3.rel1.linux64_1.0.100.202403111256/tools/bin/../lib/gcc/arm-none-eabi/12.3.1/../../../../arm-none-eabi/lib/thumb/v6-m/nofp/libnosys.a
END GROUP
LOAD /opt/st/stm32cubeide_1.15.1/plugins/com.st.stm32cube.ide.mcu.externaltools.gnu-tools-for-stm32.12.3.rel1.linux64_1.0.100.202403111256/tools/bin/../lib/gcc/arm-none-eabi/12.3.1/thumb/v6-m/nofp/crtend.o
LOAD /opt/st/stm32cubeide_1.15.1/plugins/com.st.stm32cube.ide.mcu.externaltools.gnu-tools-for-stm32.12.3.rel1.linux64_1.0.100.202403111256/tools/bin/../lib/gcc/arm-none-eabi/12.3.1/thumb/v6-m/nofp/crtn.o
                0x20001000                        _estack = (ORIGIN (RAM) + LENGTH (RAM))
                0x00000200                        _Min_Heap_Size = 0x200
                0x00000400                        _Min_Stack_Size = 0x400

.isr_vector     0x08000000       0xc0
                0x08000000                        . = ALIGN (0x4)
 *(.isr_vector)
 .isr_vector    0x08000000       0xc0 ./Core/Startup/startup_stm32f031k6ux.o
                0x08000000                g_pfnVectors
                0x080000c0                        . = ALIGN (0x4)

.text           0x080000c0     0x4908
                0x080000c0                        . = ALIGN (0x4)
 *(.text)
 .text          0x080000c0       0x48 /opt/st/stm32cubeide_1.15.1/plugins/com.st.stm32cube.ide.mcu.externaltools.gnu-tools-for-stm32.12.3.rel1.linux64_1.0.100.202403111256/tools/bin/../lib/gcc/arm-none-eabi/12.3.1/thumb/v6-m/nofp/crtbegin.o
 .text          0x08000108      0x114 /opt/st/stm32cubeide_1.15.1/plugins/com.st.stm32cube.ide.mcu.externaltools.gnu-tools-for-stm32.12.3.rel1.linux64_1.0.100.202403111256/tools/bin/../lib/gcc/arm-none-eabi/12.3.1/thumb/v6-m/nofp/libgcc.a(_udivsi3.o)
                0x08000108                __udivsi3
                0x08000108                __aeabi_uidiv
                0x08000214                __aeabi_uidivmod
 .text          0x0800021c        0x4 /opt/st/stm32cubeide_1.15.1/plugins/com.st.stm32cube.ide.mcu.externaltools.gnu-tools-for-stm32.12.3.rel1.linux64_1.0.100.202403111256/tools/bin/../lib/gcc/arm-none-eabi/12.3.1/thumb/v6-m/nofp/libgcc.a(_dvmd_tls.o)
                0x0800021c                __aeabi_ldiv0
                0x0800021c                __aeabi_idiv0
 *(.text*)
 .text.vApplicationGetIdleTaskMemory
                0x08000220       0x30 ./Core/Src/freertos.o
                0x08000220                vApplicationGetIdleTaskMemory
 .text.MX_FREERTOS_Init
                0x08000250        0xa ./Core/Src/freertos.o
                0x08000250                MX_FREERTOS_Init
 *fill*         0x0800025a        0x2 
 .text.MX_GPIO_Init
                0x0800025c      0x134 ./Core/Src/gpio.o
                0x0800025c                MX_GPIO_Init
 .text.MX_I2C1_Init
                0x08000390       0x80 ./Core/Src/i2c.o
                0x08000390                MX_I2C1_Init
 .text.HAL_I2C_MspInit
                0x08000410       0x9c ./Core/Src/i2c.o
                0x08000410                HAL_I2C_MspInit
 .text.main     0x080004ac       0x24 ./Core/Src/main.o
                0x080004ac                main
 .text.SystemClock_Config
                0x080004d0       0xc8 ./Core/Src/main.o
                0x080004d0                SystemClock_Config
 .text.HAL_TIM_PeriodElapsedCallback
                0x08000598       0x24 ./Core/Src/main.o
                0x08000598                HAL_TIM_PeriodElapsedCallback
 .text.Error_Handler
                0x080005bc        0xc ./Core/Src/main.o
                0x080005bc                Error_Handler
 .text.assert_failed
                0x080005c8       0x12 ./Core/Src/main.o
                0x080005c8                assert_failed
 *fill*         0x080005da        0x2 
 .text.HAL_MspInit
                0x080005dc       0x54 ./Core/Src/stm32f0xx_hal_msp.o
                0x080005dc                HAL_MspInit
 .text.HAL_InitTick
                0x08000630      0x10c ./Core/Src/stm32f0xx_hal_timebase_tim.o
                0x08000630                HAL_InitTick
 .text.NMI_Handler
                0x0800073c        0x8 ./Core/Src/stm32f0xx_it.o
                0x0800073c                NMI_Handler
 .text.HardFault_Handler
                0x08000744        0x8 ./Core/Src/stm32f0xx_it.o
                0x08000744                HardFault_Handler
 .text.TIM1_BRK_UP_TRG_COM_IRQHandler
                0x0800074c       0x18 ./Core/Src/stm32f0xx_it.o
                0x0800074c                TIM1_BRK_UP_TRG_COM_IRQHandler
 .text.USART1_IRQHandler
                0x08000764       0x18 ./Core/Src/stm32f0xx_it.o
                0x08000764                USART1_IRQHandler
 .text.SystemInit
                0x0800077c        0xa ./Core/Src/system_stm32f0xx.o
                0x0800077c                SystemInit
 *fill*         0x08000786        0x2 
 .text.MX_USART1_UART_Init
                0x08000788       0x60 ./Core/Src/usart.o
                0x08000788                MX_USART1_UART_Init
 .text.HAL_UART_MspInit
                0x080007e8       0xa8 ./Core/Src/usart.o
                0x080007e8                HAL_UART_MspInit
 .text.Reset_Handler
                0x08000890       0x50 ./Core/Startup/startup_stm32f031k6ux.o
                0x08000890                Reset_Handler
 .text.Default_Handler
                0x080008e0        0x2 ./Core/Startup/startup_stm32f031k6ux.o
                0x080008e0                TIM1_CC_IRQHandler
                0x080008e0                PVD_IRQHandler
                0x080008e0                I2C1_IRQHandler
                0x080008e0                SPI1_IRQHandler
                0x080008e0                EXTI2_3_IRQHandler
                0x080008e0                ADC1_IRQHandler
                0x080008e0                TIM17_IRQHandler
                0x080008e0                RTC_IRQHandler
                0x080008e0                TIM16_IRQHandler
                0x080008e0                TIM3_IRQHandler
                0x080008e0                EXTI4_15_IRQHandler
                0x080008e0                RCC_IRQHandler
                0x080008e0                DMA1_Channel1_IRQHandler
                0x080008e0                Default_Handler
                0x080008e0                TIM14_IRQHandler
                0x080008e0                DMA1_Channel4_5_IRQHandler
                0x080008e0                EXTI0_1_IRQHandler
                0x080008e0                WWDG_IRQHandler
                0x080008e0                TIM2_IRQHandler
                0x080008e0                DMA1_Channel2_3_IRQHandler
                0x080008e0                FLASH_IRQHandler
 *fill*         0x080008e2        0x2 
 .text.HAL_Init
                0x080008e4       0x28 ./Drivers/STM32F0xx_HAL_Driver/stm32f0xx_hal.o
                0x080008e4                HAL_Init
 .text.HAL_IncTick
                0x0800090c       0x24 ./Drivers/STM32F0xx_HAL_Driver/stm32f0xx_hal.o
                0x0800090c                HAL_IncTick
 .text.HAL_GetTick
                0x08000930       0x14 ./Drivers/STM32F0xx_HAL_Driver/stm32f0xx_hal.o
                0x08000930                HAL_GetTick
 .text.__NVIC_EnableIRQ
                0x08000944       0x34 ./Drivers/STM32F0xx_HAL_Driver/stm32f0xx_hal_cortex.o
 .text.__NVIC_SetPriority
                0x08000978       0xdc ./Drivers/STM32F0xx_HAL_Driver/stm32f0xx_hal_cortex.o
 .text.HAL_NVIC_SetPriority
                0x08000a54       0x40 ./Drivers/STM32F0xx_HAL_Driver/stm32f0xx_hal_cortex.o
                0x08000a54                HAL_NVIC_SetPriority
 .text.HAL_NVIC_EnableIRQ
                0x08000a94       0x38 ./Drivers/STM32F0xx_HAL_Driver/stm32f0xx_hal_cortex.o
                0x08000a94                HAL_NVIC_EnableIRQ
 .text.HAL_DMA_Abort
                0x08000acc       0x70 ./Drivers/STM32F0xx_HAL_Driver/stm32f0xx_hal_dma.o
                0x08000acc                HAL_DMA_Abort
 .text.HAL_DMA_Abort_IT
                0x08000b3c       0x8a ./Drivers/STM32F0xx_HAL_Driver/stm32f0xx_hal_dma.o
                0x08000b3c                HAL_DMA_Abort_IT
 *fill*         0x08000bc6        0x2 
 .text.HAL_GPIO_Init
                0x08000bc8      0x438 ./Drivers/STM32F0xx_HAL_Driver/stm32f0xx_hal_gpio.o
                0x08000bc8                HAL_GPIO_Init
 .text.HAL_GPIO_WritePin
                0x08001000       0x74 ./Drivers/STM32F0xx_HAL_Driver/stm32f0xx_hal_gpio.o
                0x08001000                HAL_GPIO_WritePin
 .text.HAL_I2C_Init
                0x08001074      0x25c ./Drivers/STM32F0xx_HAL_Driver/stm32f0xx_hal_i2c.o
                0x08001074                HAL_I2C_Init
 .text.HAL_I2CEx_ConfigAnalogFilter
                0x080012d0       0xcc ./Drivers/STM32F0xx_HAL_Driver/stm32f0xx_hal_i2c_ex.o
                0x080012d0                HAL_I2CEx_ConfigAnalogFilter
 .text.HAL_I2CEx_ConfigDigitalFilter
                0x0800139c       0xc4 ./Drivers/STM32F0xx_HAL_Driver/stm32f0xx_hal_i2c_ex.o
                0x0800139c                HAL_I2CEx_ConfigDigitalFilter
 .text.HAL_RCC_OscConfig
                0x08001460      0x91c ./Drivers/STM32F0xx_HAL_Driver/stm32f0xx_hal_rcc.o
                0x08001460                HAL_RCC_OscConfig
 .text.HAL_RCC_ClockConfig
                0x08001d7c      0x2b0 ./Drivers/STM32F0xx_HAL_Driver/stm32f0xx_hal_rcc.o
                0x08001d7c                HAL_RCC_ClockConfig
 .text.HAL_RCC_GetSysClockFreq
                0x0800202c       0xac ./Drivers/STM32F0xx_HAL_Driver/stm32f0xx_hal_rcc.o
                0x0800202c                HAL_RCC_GetSysClockFreq
 .text.HAL_RCC_GetHCLKFreq
                0x080020d8       0x14 ./Drivers/STM32F0xx_HAL_Driver/stm32f0xx_hal_rcc.o
                0x080020d8                HAL_RCC_GetHCLKFreq
 .text.HAL_RCC_GetPCLK1Freq
                0x080020ec       0x2c ./Drivers/STM32F0xx_HAL_Driver/stm32f0xx_hal_rcc.o
                0x080020ec                HAL_RCC_GetPCLK1Freq
 .text.HAL_RCC_GetClockConfig
                0x08002118       0x84 ./Drivers/STM32F0xx_HAL_Driver/stm32f0xx_hal_rcc.o
                0x08002118                HAL_RCC_GetClockConfig
 .text.HAL_RCCEx_PeriphCLKConfig
                0x0800219c      0x230 ./Drivers/STM32F0xx_HAL_Driver/stm32f0xx_hal_rcc_ex.o
                0x0800219c                HAL_RCCEx_PeriphCLKConfig
 .text.HAL_TIM_Base_Init
                0x080023cc      0x1d8 ./Drivers/STM32F0xx_HAL_Driver/stm32f0xx_hal_tim.o
                0x080023cc                HAL_TIM_Base_Init
 .text.HAL_TIM_Base_MspInit
                0x080025a4       0x10 ./Drivers/STM32F0xx_HAL_Driver/stm32f0xx_hal_tim.o
                0x080025a4                HAL_TIM_Base_MspInit
 .text.HAL_TIM_Base_Start_IT
                0x080025b4       0xf4 ./Drivers/STM32F0xx_HAL_Driver/stm32f0xx_hal_tim.o
                0x080025b4                HAL_TIM_Base_Start_IT
 .text.HAL_TIM_IRQHandler
                0x080026a8      0x22c ./Drivers/STM32F0xx_HAL_Driver/stm32f0xx_hal_tim.o
                0x080026a8                HAL_TIM_IRQHandler
 .text.HAL_TIM_OC_DelayElapsedCallback
                0x080028d4       0x10 ./Drivers/STM32F0xx_HAL_Driver/stm32f0xx_hal_tim.o
                0x080028d4                HAL_TIM_OC_DelayElapsedCallback
 .text.HAL_TIM_IC_CaptureCallback
                0x080028e4       0x10 ./Drivers/STM32F0xx_HAL_Driver/stm32f0xx_hal_tim.o
                0x080028e4                HAL_TIM_IC_CaptureCallback
 .text.HAL_TIM_PWM_PulseFinishedCallback
                0x080028f4       0x10 ./Drivers/STM32F0xx_HAL_Driver/stm32f0xx_hal_tim.o
                0x080028f4                HAL_TIM_PWM_PulseFinishedCallback
 .text.HAL_TIM_TriggerCallback
                0x08002904       0x10 ./Drivers/STM32F0xx_HAL_Driver/stm32f0xx_hal_tim.o
                0x08002904                HAL_TIM_TriggerCallback
 .text.TIM_Base_SetConfig
                0x08002914       0xec ./Drivers/STM32F0xx_HAL_Driver/stm32f0xx_hal_tim.o
                0x08002914                TIM_Base_SetConfig
 .text.HAL_TIMEx_CommutCallback
                0x08002a00       0x10 ./Drivers/STM32F0xx_HAL_Driver/stm32f0xx_hal_tim_ex.o
                0x08002a00                HAL_TIMEx_CommutCallback
 .text.HAL_TIMEx_BreakCallback
                0x08002a10       0x10 ./Drivers/STM32F0xx_HAL_Driver/stm32f0xx_hal_tim_ex.o
                0x08002a10                HAL_TIMEx_BreakCallback
 .text.HAL_UART_Init
                0x08002a20       0xec ./Drivers/STM32F0xx_HAL_Driver/stm32f0xx_hal_uart.o
                0x08002a20                HAL_UART_Init
 .text.HAL_UART_IRQHandler
                0x08002b0c      0x5c0 ./Drivers/STM32F0xx_HAL_Driver/stm32f0xx_hal_uart.o
                0x08002b0c                HAL_UART_IRQHandler
 .text.HAL_UART_TxCpltCallback
                0x080030cc       0x10 ./Drivers/STM32F0xx_HAL_Driver/stm32f0xx_hal_uart.o
                0x080030cc                HAL_UART_TxCpltCallback
 .text.HAL_UART_ErrorCallback
                0x080030dc       0x10 ./Drivers/STM32F0xx_HAL_Driver/stm32f0xx_hal_uart.o
                0x080030dc                HAL_UART_ErrorCallback
 .text.HAL_UARTEx_RxEventCallback
                0x080030ec       0x16 ./Drivers/STM32F0xx_HAL_Driver/stm32f0xx_hal_uart.o
                0x080030ec                HAL_UARTEx_RxEventCallback
 *fill*         0x08003102        0x2 
 .text.UART_SetConfig
                0x08003104      0x3a4 ./Drivers/STM32F0xx_HAL_Driver/stm32f0xx_hal_uart.o
                0x08003104                UART_SetConfig
 .text.UART_AdvFeatureConfig
                0x080034a8      0x2fc ./Drivers/STM32F0xx_HAL_Driver/stm32f0xx_hal_uart.o
                0x080034a8                UART_AdvFeatureConfig
 .text.UART_CheckIdleState
                0x080037a4      0x150 ./Drivers/STM32F0xx_HAL_Driver/stm32f0xx_hal_uart.o
                0x080037a4                UART_CheckIdleState
 .text.UART_WaitOnFlagUntilTimeout
                0x080038f4       0xd2 ./Drivers/STM32F0xx_HAL_Driver/stm32f0xx_hal_uart.o
                0x080038f4                UART_WaitOnFlagUntilTimeout
 *fill*         0x080039c6        0x2 
 .text.UART_EndRxTransfer
                0x080039c8       0xc8 ./Drivers/STM32F0xx_HAL_Driver/stm32f0xx_hal_uart.o
 .text.UART_DMAAbortOnError
                0x08003a90       0x2e ./Drivers/STM32F0xx_HAL_Driver/stm32f0xx_hal_uart.o
 .text.UART_EndTransmit_IT
                0x08003abe       0x56 ./Drivers/STM32F0xx_HAL_Driver/stm32f0xx_hal_uart.o
 .text.HAL_UARTEx_WakeupCallback
                0x08003b14       0x10 ./Drivers/STM32F0xx_HAL_Driver/stm32f0xx_hal_uart_ex.o
                0x08003b14                HAL_UARTEx_WakeupCallback
 .text.osKernelStart
                0x08003b24       0x10 ./Middlewares/FreeRTOS/cmsis_os.o
                0x08003b24                osKernelStart
 .text.vPortFree
                0x08003b34       0x94 ./Middlewares/FreeRTOS/heap_4.o
                0x08003b34                vPortFree
 .text.prvInsertBlockIntoFreeList
                0x08003bc8       0xb0 ./Middlewares/FreeRTOS/heap_4.o
 .text.vListInitialise
                0x08003c78       0x3c ./Middlewares/FreeRTOS/list.o
                0x08003c78                vListInitialise
 .text.vListInitialiseItem
                0x08003cb4       0x16 ./Middlewares/FreeRTOS/list.o
                0x08003cb4                vListInitialiseItem
 .text.vListInsertEnd
                0x08003cca       0x44 ./Middlewares/FreeRTOS/list.o
                0x08003cca                vListInsertEnd
 .text.uxListRemove
                0x08003d0e       0x50 ./Middlewares/FreeRTOS/list.o
                0x08003d0e                uxListRemove
 *fill*         0x08003d5e        0x2 
 .text.pxPortInitialiseStack
                0x08003d60       0x54 ./Middlewares/FreeRTOS/port.o
                0x08003d60                pxPortInitialiseStack
 .text.prvTaskExitError
                0x08003db4       0x30 ./Middlewares/FreeRTOS/port.o
 .text.SVC_Handler
                0x08003de4        0xa ./Middlewares/FreeRTOS/port.o
                0x08003de4                SVC_Handler
 *fill*         0x08003dee        0x2 
 .text.vPortStartFirstTask
                0x08003df0       0x38 ./Middlewares/FreeRTOS/port.o
 .text.xPortStartScheduler
                0x08003e28       0x48 ./Middlewares/FreeRTOS/port.o
                0x08003e28                xPortStartScheduler
 .text.vPortYield
                0x08003e70       0x20 ./Middlewares/FreeRTOS/port.o
                0x08003e70                vPortYield
 .text.vPortEnterCritical
                0x08003e90       0x24 ./Middlewares/FreeRTOS/port.o
                0x08003e90                vPortEnterCritical
 .text.vPortExitCritical
                0x08003eb4       0x30 ./Middlewares/FreeRTOS/port.o
                0x08003eb4                vPortExitCritical
 .text.ulSetInterruptMaskFromISR
                0x08003ee4        0xc ./Middlewares/FreeRTOS/port.o
                0x08003ee4                ulSetInterruptMaskFromISR
 .text.vClearInterruptMaskFromISR
                0x08003ef0        0x8 ./Middlewares/FreeRTOS/port.o
                0x08003ef0                vClearInterruptMaskFromISR
 *fill*         0x08003ef8        0x8 
 .text.PendSV_Handler
                0x08003f00       0x48 ./Middlewares/FreeRTOS/port.o
                0x08003f00                PendSV_Handler
 .text.SysTick_Handler
                0x08003f48       0x34 ./Middlewares/FreeRTOS/port.o
                0x08003f48                SysTick_Handler
 .text.prvSetupTimerInterrupt
                0x08003f7c       0x44 ./Middlewares/FreeRTOS/port.o
 .text.xTaskCreateStatic
                0x08003fc0       0x8c ./Middlewares/FreeRTOS/tasks.o
                0x08003fc0                xTaskCreateStatic
 .text.prvInitialiseNewTask
                0x0800404c      0x124 ./Middlewares/FreeRTOS/tasks.o
 .text.prvAddNewTaskToReadyList
                0x08004170       0xc8 ./Middlewares/FreeRTOS/tasks.o
 .text.vTaskStartScheduler
                0x08004238       0xb0 ./Middlewares/FreeRTOS/tasks.o
                0x08004238                vTaskStartScheduler
 .text.vTaskSuspendAll
                0x080042e8       0x18 ./Middlewares/FreeRTOS/tasks.o
                0x080042e8                vTaskSuspendAll
 .text.xTaskResumeAll
                0x08004300      0x118 ./Middlewares/FreeRTOS/tasks.o
                0x08004300                xTaskResumeAll
 .text.xTaskIncrementTick
                0x08004418      0x16c ./Middlewares/FreeRTOS/tasks.o
                0x08004418                xTaskIncrementTick
 .text.vTaskSwitchContext
                0x08004584       0xb4 ./Middlewares/FreeRTOS/tasks.o
                0x08004584                vTaskSwitchContext
 .text.prvIdleTask
                0x08004638       0x20 ./Middlewares/FreeRTOS/tasks.o
 .text.prvInitialiseTaskLists
                0x08004658       0x88 ./Middlewares/FreeRTOS/tasks.o
 .text.prvCheckTasksWaitingTermination
                0x080046e0       0x5c ./Middlewares/FreeRTOS/tasks.o
 .text.prvDeleteTCB
                0x0800473c       0x5c ./Middlewares/FreeRTOS/tasks.o
 .text.prvResetNextTaskUnblockTime
                0x08004798       0x48 ./Middlewares/FreeRTOS/tasks.o
 .text.memset   0x080047e0       0x10 /opt/st/stm32cubeide_1.15.1/plugins/com.st.stm32cube.ide.mcu.externaltools.gnu-tools-for-stm32.12.3.rel1.linux64_1.0.100.202403111256/tools/bin/../lib/gcc/arm-none-eabi/12.3.1/../../../../arm-none-eabi/lib/thumb/v6-m/nofp/libc_nano.a(libc_a-memset.o)
                0x080047e0                memset
 .text._reclaim_reent
                0x080047f0       0xc0 /opt/st/stm32cubeide_1.15.1/plugins/com.st.stm32cube.ide.mcu.externaltools.gnu-tools-for-stm32.12.3.rel1.linux64_1.0.100.202403111256/tools/bin/../lib/gcc/arm-none-eabi/12.3.1/../../../../arm-none-eabi/lib/thumb/v6-m/nofp/libc_nano.a(libc_a-reent.o)
                0x080047f0                _reclaim_reent
 .text.__libc_init_array
                0x080048b0       0x48 /opt/st/stm32cubeide_1.15.1/plugins/com.st.stm32cube.ide.mcu.externaltools.gnu-tools-for-stm32.12.3.rel1.linux64_1.0.100.202403111256/tools/bin/../lib/gcc/arm-none-eabi/12.3.1/../../../../arm-none-eabi/lib/thumb/v6-m/nofp/libc_nano.a(libc_a-init.o)
                0x080048b0                __libc_init_array
 .text.__retarget_lock_acquire_recursive
                0x080048f8        0x2 /opt/st/stm32cubeide_1.15.1/plugins/com.st.stm32cube.ide.mcu.externaltools.gnu-tools-for-stm32.12.3.rel1.linux64_1.0.100.202403111256/tools/bin/../lib/gcc/arm-none-eabi/12.3.1/../../../../arm-none-eabi/lib/thumb/v6-m/nofp/libc_nano.a(libc_a-lock.o)
                0x080048f8                __retarget_lock_acquire_recursive
 .text.__retarget_lock_release_recursive
                0x080048fa        0x2 /opt/st/stm32cubeide_1.15.1/plugins/com.st.stm32cube.ide.mcu.externaltools.gnu-tools-for-stm32.12.3.rel1.linux64_1.0.100.202403111256/tools/bin/../lib/gcc/arm-none-eabi/12.3.1/../../../../arm-none-eabi/lib/thumb/v6-m/nofp/libc_nano.a(libc_a-lock.o)
                0x080048fa                __retarget_lock_release_recursive
 .text._free_r  0x080048fc       0x94 /opt/st/stm32cubeide_1.15.1/plugins/com.st.stm32cube.ide.mcu.externaltools.gnu-tools-for-stm32.12.3.rel1.linux64_1.0.100.202403111256/tools/bin/../lib/gcc/arm-none-eabi/12.3.1/../../../../arm-none-eabi/lib/thumb/v6-m/nofp/libc_nano.a(libc_a-freer.o)
                0x080048fc                _free_r
 .text.__malloc_lock
                0x08004990       0x10 /opt/st/stm32cubeide_1.15.1/plugins/com.st.stm32cube.ide.mcu.externaltools.gnu-tools-for-stm32.12.3.rel1.linux64_1.0.100.202403111256/tools/bin/../lib/gcc/arm-none-eabi/12.3.1/../../../../arm-none-eabi/lib/thumb/v6-m/nofp/libc_nano.a(libc_a-mlock.o)
                0x08004990                __malloc_lock
 .text.__malloc_unlock
                0x080049a0       0x10 /opt/st/stm32cubeide_1.15.1/plugins/com.st.stm32cube.ide.mcu.externaltools.gnu-tools-for-stm32.12.3.rel1.linux64_1.0.100.202403111256/tools/bin/../lib/gcc/arm-none-eabi/12.3.1/../../../../arm-none-eabi/lib/thumb/v6-m/nofp/libc_nano.a(libc_a-mlock.o)
                0x080049a0                __malloc_unlock
 *(.glue_7)
 .glue_7        0x080049b0        0x0 linker stubs
 *(.glue_7t)
 .glue_7t       0x080049b0        0x0 linker stubs
 *(.eh_frame)
 .eh_frame      0x080049b0        0x0 /opt/st/stm32cubeide_1.15.1/plugins/com.st.stm32cube.ide.mcu.externaltools.gnu-tools-for-stm32.12.3.rel1.linux64_1.0.100.202403111256/tools/bin/../lib/gcc/arm-none-eabi/12.3.1/thumb/v6-m/nofp/crtbegin.o
 *(.init)
 .init          0x080049b0        0x4 /opt/st/stm32cubeide_1.15.1/plugins/com.st.stm32cube.ide.mcu.externaltools.gnu-tools-for-stm32.12.3.rel1.linux64_1.0.100.202403111256/tools/bin/../lib/gcc/arm-none-eabi/12.3.1/thumb/v6-m/nofp/crti.o
                0x080049b0                _init
 .init          0x080049b4        0x8 /opt/st/stm32cubeide_1.15.1/plugins/com.st.stm32cube.ide.mcu.externaltools.gnu-tools-for-stm32.12.3.rel1.linux64_1.0.100.202403111256/tools/bin/../lib/gcc/arm-none-eabi/12.3.1/thumb/v6-m/nofp/crtn.o
 *(.fini)
 .fini          0x080049bc        0x4 /opt/st/stm32cubeide_1.15.1/plugins/com.st.stm32cube.ide.mcu.externaltools.gnu-tools-for-stm32.12.3.rel1.linux64_1.0.100.202403111256/tools/bin/../lib/gcc/arm-none-eabi/12.3.1/thumb/v6-m/nofp/crti.o
                0x080049bc                _fini
 .fini          0x080049c0        0x8 /opt/st/stm32cubeide_1.15.1/plugins/com.st.stm32cube.ide.mcu.externaltools.gnu-tools-for-stm32.12.3.rel1.linux64_1.0.100.202403111256/tools/bin/../lib/gcc/arm-none-eabi/12.3.1/thumb/v6-m/nofp/crtn.o
                0x080049c8                        . = ALIGN (0x4)
                0x080049c8                        _etext = .

.vfp11_veneer   0x080049c8        0x0
 .vfp11_veneer  0x080049c8        0x0 linker stubs

.v4_bx          0x080049c8        0x0
 .v4_bx         0x080049c8        0x0 linker stubs

.iplt           0x080049c8        0x0
 .iplt          0x080049c8        0x0 /opt/st/stm32cubeide_1.15.1/plugins/com.st.stm32cube.ide.mcu.externaltools.gnu-tools-for-stm32.12.3.rel1.linux64_1.0.100.202403111256/tools/bin/../lib/gcc/arm-none-eabi/12.3.1/thumb/v6-m/nofp/crtbegin.o

.rodata         0x080049c8      0x3c0
                0x080049c8                        . = ALIGN (0x4)
 *(.rodata)
 .rodata        0x080049c8       0x70 ./Drivers/STM32F0xx_HAL_Driver/stm32f0xx_hal_cortex.o
 .rodata        0x08004a38       0x6e ./Drivers/STM32F0xx_HAL_Driver/stm32f0xx_hal_gpio.o
 *fill*         0x08004aa6        0x2 
 .rodata        0x08004aa8       0x6d ./Drivers/STM32F0xx_HAL_Driver/stm32f0xx_hal_i2c.o
 *fill*         0x08004b15        0x3 
 .rodata        0x08004b18       0x70 ./Drivers/STM32F0xx_HAL_Driver/stm32f0xx_hal_i2c_ex.o
 .rodata        0x08004b88       0x6d ./Drivers/STM32F0xx_HAL_Driver/stm32f0xx_hal_rcc.o
 *fill*         0x08004bf5        0x3 
 .rodata        0x08004bf8       0x70 ./Drivers/STM32F0xx_HAL_Driver/stm32f0xx_hal_rcc_ex.o
 .rodata        0x08004c68       0x6d ./Drivers/STM32F0xx_HAL_Driver/stm32f0xx_hal_tim.o
 *fill*         0x08004cd5        0x3 
 .rodata        0x08004cd8       0x6e ./Drivers/STM32F0xx_HAL_Driver/stm32f0xx_hal_uart.o
 *fill*         0x08004d46        0x2 
 .rodata        0x08004d48        0x5 ./Middlewares/FreeRTOS/tasks.o
 *(.rodata*)
 *fill*         0x08004d4d        0x3 
 .rodata.AHBPrescTable
                0x08004d50       0x10 ./Core/Src/system_stm32f0xx.o
                0x08004d50                AHBPrescTable
 .rodata.APBPrescTable
                0x08004d60        0x8 ./Core/Src/system_stm32f0xx.o
                0x08004d60                APBPrescTable
 .rodata.aPLLMULFactorTable.1
                0x08004d68       0x10 ./Drivers/STM32F0xx_HAL_Driver/stm32f0xx_hal_rcc.o
 .rodata.aPredivFactorTable.0
                0x08004d78       0x10 ./Drivers/STM32F0xx_HAL_Driver/stm32f0xx_hal_rcc.o
                0x08004d88                        . = ALIGN (0x4)

.ARM.extab      0x08004d88        0x0
                0x08004d88                        . = ALIGN (0x4)
 *(.ARM.extab* .gnu.linkonce.armextab.*)
                0x08004d88                        . = ALIGN (0x4)

.ARM            0x08004d88        0x0
                0x08004d88                        . = ALIGN (0x4)
                0x08004d88                        __exidx_start = .
 *(.ARM.exidx*)
                0x08004d88                        __exidx_end = .
                0x08004d88                        . = ALIGN (0x4)

.preinit_array  0x08004d88        0x0
                0x08004d88                        . = ALIGN (0x4)
                0x08004d88                        PROVIDE (__preinit_array_start = .)
 *(.preinit_array*)
                0x08004d88                        PROVIDE (__preinit_array_end = .)
                0x08004d88                        . = ALIGN (0x4)

.init_array     0x08004d88        0x4
                0x08004d88                        . = ALIGN (0x4)
                0x08004d88                        PROVIDE (__init_array_start = .)
 *(SORT_BY_NAME(.init_array.*))
 *(.init_array*)
 .init_array    0x08004d88        0x4 /opt/st/stm32cubeide_1.15.1/plugins/com.st.stm32cube.ide.mcu.externaltools.gnu-tools-for-stm32.12.3.rel1.linux64_1.0.100.202403111256/tools/bin/../lib/gcc/arm-none-eabi/12.3.1/thumb/v6-m/nofp/crtbegin.o
                0x08004d8c                        PROVIDE (__init_array_end = .)
                0x08004d8c                        . = ALIGN (0x4)

.fini_array     0x08004d8c        0x4
                0x08004d8c                        . = ALIGN (0x4)
                [!provide]                        PROVIDE (__fini_array_start = .)
 *(SORT_BY_NAME(.fini_array.*))
 *(.fini_array*)
 .fini_array    0x08004d8c        0x4 /opt/st/stm32cubeide_1.15.1/plugins/com.st.stm32cube.ide.mcu.externaltools.gnu-tools-for-stm32.12.3.rel1.linux64_1.0.100.202403111256/tools/bin/../lib/gcc/arm-none-eabi/12.3.1/thumb/v6-m/nofp/crtbegin.o
                [!provide]                        PROVIDE (__fini_array_end = .)
                0x08004d90                        . = ALIGN (0x4)
                0x08004d90                        _sidata = LOADADDR (.data)

.rel.dyn        0x08004d90        0x0
 .rel.iplt      0x08004d90        0x0 /opt/st/stm32cubeide_1.15.1/plugins/com.st.stm32cube.ide.mcu.externaltools.gnu-tools-for-stm32.12.3.rel1.linux64_1.0.100.202403111256/tools/bin/../lib/gcc/arm-none-eabi/12.3.1/thumb/v6-m/nofp/crtbegin.o

.data           0x20000000       0x60 load address 0x08004d90
                0x20000000                        . = ALIGN (0x4)
                0x20000000                        _sdata = .
 *(.data)
 *(.data*)
 .data.SystemCoreClock
                0x20000000        0x4 ./Core/Src/system_stm32f0xx.o
                0x20000000                SystemCoreClock
 .data.uwTickPrio
                0x20000004        0x4 ./Drivers/STM32F0xx_HAL_Driver/stm32f0xx_hal.o
                0x20000004                uwTickPrio
 .data.uwTickFreq
                0x20000008        0x1 ./Drivers/STM32F0xx_HAL_Driver/stm32f0xx_hal.o
                0x20000008                uwTickFreq
 *fill*         0x20000009        0x3 
 .data.uxCriticalNesting
                0x2000000c        0x4 ./Middlewares/FreeRTOS/port.o
 .data._impure_ptr
                0x20000010        0x4 /opt/st/stm32cubeide_1.15.1/plugins/com.st.stm32cube.ide.mcu.externaltools.gnu-tools-for-stm32.12.3.rel1.linux64_1.0.100.202403111256/tools/bin/../lib/gcc/arm-none-eabi/12.3.1/../../../../arm-none-eabi/lib/thumb/v6-m/nofp/libc_nano.a(libc_a-impure.o)
                0x20000010                _impure_ptr
 .data._impure_data
                0x20000014       0x4c /opt/st/stm32cubeide_1.15.1/plugins/com.st.stm32cube.ide.mcu.externaltools.gnu-tools-for-stm32.12.3.rel1.linux64_1.0.100.202403111256/tools/bin/../lib/gcc/arm-none-eabi/12.3.1/../../../../arm-none-eabi/lib/thumb/v6-m/nofp/libc_nano.a(libc_a-impure.o)
                0x20000014                _impure_data
 *(.RamFunc)
 *(.RamFunc*)
                0x20000060                        . = ALIGN (0x4)
                0x20000060                        _edata = .

.igot.plt       0x20000060        0x0 load address 0x08004df0
 .igot.plt      0x20000060        0x0 /opt/st/stm32cubeide_1.15.1/plugins/com.st.stm32cube.ide.mcu.externaltools.gnu-tools-for-stm32.12.3.rel1.linux64_1.0.100.202403111256/tools/bin/../lib/gcc/arm-none-eabi/12.3.1/thumb/v6-m/nofp/crtbegin.o
                0x20000060                        . = ALIGN (0x4)

.bss            0x20000060      0x5e4 load address 0x08004df0
                0x20000060                        _sbss = .
                0x20000060                        __bss_start__ = _sbss
 *(.bss)
 .bss           0x20000060       0x1c /opt/st/stm32cubeide_1.15.1/plugins/com.st.stm32cube.ide.mcu.externaltools.gnu-tools-for-stm32.12.3.rel1.linux64_1.0.100.202403111256/tools/bin/../lib/gcc/arm-none-eabi/12.3.1/thumb/v6-m/nofp/crtbegin.o
 *(.bss*)
 .bss.xIdleTaskTCBBuffer
                0x2000007c       0xa0 ./Core/Src/freertos.o
 .bss.xIdleStack
                0x2000011c      0x180 ./Core/Src/freertos.o
 .bss.hi2c1     0x2000029c       0x54 ./Core/Src/i2c.o
                0x2000029c                hi2c1
 .bss.htim1     0x200002f0       0x48 ./Core/Src/stm32f0xx_hal_timebase_tim.o
                0x200002f0                htim1
 .bss.huart1    0x20000338       0x88 ./Core/Src/usart.o
                0x20000338                huart1
 .bss.uwTick    0x200003c0        0x4 ./Drivers/STM32F0xx_HAL_Driver/stm32f0xx_hal.o
                0x200003c0                uwTick
 .bss.xStart    0x200003c4        0x8 ./Middlewares/FreeRTOS/heap_4.o
 .bss.pxEnd     0x200003cc        0x4 ./Middlewares/FreeRTOS/heap_4.o
 .bss.xFreeBytesRemaining
                0x200003d0        0x4 ./Middlewares/FreeRTOS/heap_4.o
 .bss.xBlockAllocatedBit
                0x200003d4        0x4 ./Middlewares/FreeRTOS/heap_4.o
 .bss.pxCurrentTCB
                0x200003d8        0x4 ./Middlewares/FreeRTOS/tasks.o
                0x200003d8                pxCurrentTCB
 .bss.pxReadyTasksLists
                0x200003dc       0x8c ./Middlewares/FreeRTOS/tasks.o
 .bss.xDelayedTaskList1
                0x20000468       0x14 ./Middlewares/FreeRTOS/tasks.o
 .bss.xDelayedTaskList2
                0x2000047c       0x14 ./Middlewares/FreeRTOS/tasks.o
 .bss.pxDelayedTaskList
                0x20000490        0x4 ./Middlewares/FreeRTOS/tasks.o
 .bss.pxOverflowDelayedTaskList
                0x20000494        0x4 ./Middlewares/FreeRTOS/tasks.o
 .bss.xPendingReadyList
                0x20000498       0x14 ./Middlewares/FreeRTOS/tasks.o
 .bss.xTasksWaitingTermination
                0x200004ac       0x14 ./Middlewares/FreeRTOS/tasks.o
 .bss.uxDeletedTasksWaitingCleanUp
                0x200004c0        0x4 ./Middlewares/FreeRTOS/tasks.o
 .bss.xSuspendedTaskList
                0x200004c4       0x14 ./Middlewares/FreeRTOS/tasks.o
 .bss.uxCurrentNumberOfTasks
                0x200004d8        0x4 ./Middlewares/FreeRTOS/tasks.o
 .bss.xTickCount
                0x200004dc        0x4 ./Middlewares/FreeRTOS/tasks.o
 .bss.uxTopReadyPriority
                0x200004e0        0x4 ./Middlewares/FreeRTOS/tasks.o
 .bss.xSchedulerRunning
                0x200004e4        0x4 ./Middlewares/FreeRTOS/tasks.o
 .bss.uxPendedTicks
                0x200004e8        0x4 ./Middlewares/FreeRTOS/tasks.o
 .bss.xYieldPending
                0x200004ec        0x4 ./Middlewares/FreeRTOS/tasks.o
 .bss.xNumOfOverflows
                0x200004f0        0x4 ./Middlewares/FreeRTOS/tasks.o
 .bss.uxTaskNumber
                0x200004f4        0x4 ./Middlewares/FreeRTOS/tasks.o
 .bss.xNextTaskUnblockTime
                0x200004f8        0x4 ./Middlewares/FreeRTOS/tasks.o
 .bss.xIdleTaskHandle
                0x200004fc        0x4 ./Middlewares/FreeRTOS/tasks.o
 .bss.uxSchedulerSuspended
                0x20000500        0x4 ./Middlewares/FreeRTOS/tasks.o
 .bss.__sf      0x20000504      0x138 /opt/st/stm32cubeide_1.15.1/plugins/com.st.stm32cube.ide.mcu.externaltools.gnu-tools-for-stm32.12.3.rel1.linux64_1.0.100.202403111256/tools/bin/../lib/gcc/arm-none-eabi/12.3.1/../../../../arm-none-eabi/lib/thumb/v6-m/nofp/libc_nano.a(libc_a-findfp.o)
                0x20000504                __sf
 .bss.__lock___malloc_recursive_mutex
                0x2000063c        0x1 /opt/st/stm32cubeide_1.15.1/plugins/com.st.stm32cube.ide.mcu.externaltools.gnu-tools-for-stm32.12.3.rel1.linux64_1.0.100.202403111256/tools/bin/../lib/gcc/arm-none-eabi/12.3.1/../../../../arm-none-eabi/lib/thumb/v6-m/nofp/libc_nano.a(libc_a-lock.o)
                0x2000063c                __lock___malloc_recursive_mutex
 *fill*         0x2000063d        0x3 
 .bss.__malloc_free_list
                0x20000640        0x4 /opt/st/stm32cubeide_1.15.1/plugins/com.st.stm32cube.ide.mcu.externaltools.gnu-tools-for-stm32.12.3.rel1.linux64_1.0.100.202403111256/tools/bin/../lib/gcc/arm-none-eabi/12.3.1/../../../../arm-none-eabi/lib/thumb/v6-m/nofp/libc_nano.a(libc_a-mallocr.o)
                0x20000640                __malloc_free_list
 *(COMMON)
                0x20000644                        . = ALIGN (0x4)
                0x20000644                        _ebss = .
                0x20000644                        __bss_end__ = _ebss

._user_heap_stack
                0x20000644      0x604 load address 0x08004df0
                0x20000648                        . = ALIGN (0x8)
 *fill*         0x20000644        0x4 
                [!provide]                        PROVIDE (end = .)
                0x20000648                        PROVIDE (_end = .)
                0x20000848                        . = (. + _Min_Heap_Size)
 *fill*         0x20000648      0x200 
                0x20000c48                        . = (. + _Min_Stack_Size)
 *fill*         0x20000848      0x400 
                0x20000c48                        . = ALIGN (0x8)

/DISCARD/
 libc.a(*)
 libm.a(*)
 libgcc.a(*)

.ARM.attributes
                0x00000000       0x28
 *(.ARM.attributes)
 .ARM.attributes
                0x00000000       0x1e /opt/st/stm32cubeide_1.15.1/plugins/com.st.stm32cube.ide.mcu.externaltools.gnu-tools-for-stm32.12.3.rel1.linux64_1.0.100.202403111256/tools/bin/../lib/gcc/arm-none-eabi/12.3.1/thumb/v6-m/nofp/crti.o
 .ARM.attributes
                0x0000001e       0x2c /opt/st/stm32cubeide_1.15.1/plugins/com.st.stm32cube.ide.mcu.externaltools.gnu-tools-for-stm32.12.3.rel1.linux64_1.0.100.202403111256/tools/bin/../lib/gcc/arm-none-eabi/12.3.1/thumb/v6-m/nofp/crtbegin.o
 .ARM.attributes
                0x0000004a       0x2c ./Core/Src/freertos.o
 .ARM.attributes
                0x00000076       0x2c ./Core/Src/gpio.o
 .ARM.attributes
                0x000000a2       0x2c ./Core/Src/i2c.o
 .ARM.attributes
                0x000000ce       0x2c ./Core/Src/main.o
 .ARM.attributes
                0x000000fa       0x2c ./Core/Src/stm32f0xx_hal_msp.o
 .ARM.attributes
                0x00000126       0x2c ./Core/Src/stm32f0xx_hal_timebase_tim.o
 .ARM.attributes
                0x00000152       0x2c ./Core/Src/stm32f0xx_it.o
 .ARM.attributes
                0x0000017e       0x2c ./Core/Src/system_stm32f0xx.o
 .ARM.attributes
                0x000001aa       0x2c ./Core/Src/usart.o
 .ARM.attributes
                0x000001d6       0x21 ./Core/Startup/startup_stm32f031k6ux.o
 .ARM.attributes
                0x000001f7       0x2c ./Drivers/STM32F0xx_HAL_Driver/stm32f0xx_hal.o
 .ARM.attributes
                0x00000223       0x2c ./Drivers/STM32F0xx_HAL_Driver/stm32f0xx_hal_cortex.o
 .ARM.attributes
                0x0000024f       0x2c ./Drivers/STM32F0xx_HAL_Driver/stm32f0xx_hal_dma.o
 .ARM.attributes
                0x0000027b       0x2c ./Drivers/STM32F0xx_HAL_Driver/stm32f0xx_hal_gpio.o
 .ARM.attributes
                0x000002a7       0x2c ./Drivers/STM32F0xx_HAL_Driver/stm32f0xx_hal_i2c.o
 .ARM.attributes
                0x000002d3       0x2c ./Drivers/STM32F0xx_HAL_Driver/stm32f0xx_hal_i2c_ex.o
 .ARM.attributes
                0x000002ff       0x2c ./Drivers/STM32F0xx_HAL_Driver/stm32f0xx_hal_rcc.o
 .ARM.attributes
                0x0000032b       0x2c ./Drivers/STM32F0xx_HAL_Driver/stm32f0xx_hal_rcc_ex.o
 .ARM.attributes
                0x00000357       0x2c ./Drivers/STM32F0xx_HAL_Driver/stm32f0xx_hal_tim.o
 .ARM.attributes
                0x00000383       0x2c ./Drivers/STM32F0xx_HAL_Driver/stm32f0xx_hal_tim_ex.o
 .ARM.attributes
                0x000003af       0x2c ./Drivers/STM32F0xx_HAL_Driver/stm32f0xx_hal_uart.o
 .ARM.attributes
                0x000003db       0x2c ./Drivers/STM32F0xx_HAL_Driver/stm32f0xx_hal_uart_ex.o
 .ARM.attributes
                0x00000407       0x2c ./Middlewares/FreeRTOS/cmsis_os.o
 .ARM.attributes
                0x00000433       0x2c ./Middlewares/FreeRTOS/heap_4.o
 .ARM.attributes
                0x0000045f       0x2c ./Middlewares/FreeRTOS/list.o
 .ARM.attributes
                0x0000048b       0x2c ./Middlewares/FreeRTOS/port.o
 .ARM.attributes
                0x000004b7       0x2c ./Middlewares/FreeRTOS/tasks.o
 .ARM.attributes
                0x000004e3       0x2c /opt/st/stm32cubeide_1.15.1/plugins/com.st.stm32cube.ide.mcu.externaltools.gnu-tools-for-stm32.12.3.rel1.linux64_1.0.100.202403111256/tools/bin/../lib/gcc/arm-none-eabi/12.3.1/../../../../arm-none-eabi/lib/thumb/v6-m/nofp/libc_nano.a(libc_a-findfp.o)
 .ARM.attributes
                0x0000050f       0x2c /opt/st/stm32cubeide_1.15.1/plugins/com.st.stm32cube.ide.mcu.externaltools.gnu-tools-for-stm32.12.3.rel1.linux64_1.0.100.202403111256/tools/bin/../lib/gcc/arm-none-eabi/12.3.1/../../../../arm-none-eabi/lib/thumb/v6-m/nofp/libc_nano.a(libc_a-memset.o)
 .ARM.attributes
                0x0000053b       0x2c /opt/st/stm32cubeide_1.15.1/plugins/com.st.stm32cube.ide.mcu.externaltools.gnu-tools-for-stm32.12.3.rel1.linux64_1.0.100.202403111256/tools/bin/../lib/gcc/arm-none-eabi/12.3.1/../../../../arm-none-eabi/lib/thumb/v6-m/nofp/libc_nano.a(libc_a-reent.o)
 .ARM.attributes
                0x00000567       0x2c /opt/st/stm32cubeide_1.15.1/plugins/com.st.stm32cube.ide.mcu.externaltools.gnu-tools-for-stm32.12.3.rel1.linux64_1.0.100.202403111256/tools/bin/../lib/gcc/arm-none-eabi/12.3.1/../../../../arm-none-eabi/lib/thumb/v6-m/nofp/libc_nano.a(libc_a-impure.o)
 .ARM.attributes
                0x00000593       0x2c /opt/st/stm32cubeide_1.15.1/plugins/com.st.stm32cube.ide.mcu.externaltools.gnu-tools-for-stm32.12.3.rel1.linux64_1.0.100.202403111256/tools/bin/../lib/gcc/arm-none-eabi/12.3.1/../../../../arm-none-eabi/lib/thumb/v6-m/nofp/libc_nano.a(libc_a-init.o)
 .ARM.attributes
                0x000005bf       0x2c /opt/st/stm32cubeide_1.15.1/plugins/com.st.stm32cube.ide.mcu.externaltools.gnu-tools-for-stm32.12.3.rel1.linux64_1.0.100.202403111256/tools/bin/../lib/gcc/arm-none-eabi/12.3.1/../../../../arm-none-eabi/lib/thumb/v6-m/nofp/libc_nano.a(libc_a-lock.o)
 .ARM.attributes
                0x000005eb       0x2c /opt/st/stm32cubeide_1.15.1/plugins/com.st.stm32cube.ide.mcu.externaltools.gnu-tools-for-stm32.12.3.rel1.linux64_1.0.100.202403111256/tools/bin/../lib/gcc/arm-none-eabi/12.3.1/../../../../arm-none-eabi/lib/thumb/v6-m/nofp/libc_nano.a(libc_a-freer.o)
 .ARM.attributes
                0x00000617       0x2c /opt/st/stm32cubeide_1.15.1/plugins/com.st.stm32cube.ide.mcu.externaltools.gnu-tools-for-stm32.12.3.rel1.linux64_1.0.100.202403111256/tools/bin/../lib/gcc/arm-none-eabi/12.3.1/../../../../arm-none-eabi/lib/thumb/v6-m/nofp/libc_nano.a(libc_a-mallocr.o)
 .ARM.attributes
                0x00000643       0x2c /opt/st/stm32cubeide_1.15.1/plugins/com.st.stm32cube.ide.mcu.externaltools.gnu-tools-for-stm32.12.3.rel1.linux64_1.0.100.202403111256/tools/bin/../lib/gcc/arm-none-eabi/12.3.1/../../../../arm-none-eabi/lib/thumb/v6-m/nofp/libc_nano.a(libc_a-mlock.o)
 .ARM.attributes
                0x0000066f       0x1e /opt/st/stm32cubeide_1.15.1/plugins/com.st.stm32cube.ide.mcu.externaltools.gnu-tools-for-stm32.12.3.rel1.linux64_1.0.100.202403111256/tools/bin/../lib/gcc/arm-none-eabi/12.3.1/thumb/v6-m/nofp/libgcc.a(_udivsi3.o)
 .ARM.attributes
                0x0000068d       0x1e /opt/st/stm32cubeide_1.15.1/plugins/com.st.stm32cube.ide.mcu.externaltools.gnu-tools-for-stm32.12.3.rel1.linux64_1.0.100.202403111256/tools/bin/../lib/gcc/arm-none-eabi/12.3.1/thumb/v6-m/nofp/libgcc.a(_dvmd_tls.o)
 .ARM.attributes
                0x000006ab       0x1e /opt/st/stm32cubeide_1.15.1/plugins/com.st.stm32cube.ide.mcu.externaltools.gnu-tools-for-stm32.12.3.rel1.linux64_1.0.100.202403111256/tools/bin/../lib/gcc/arm-none-eabi/12.3.1/thumb/v6-m/nofp/crtn.o
OUTPUT(BMS.elf elf32-littlearm)
LOAD linker stubs
LOAD /opt/st/stm32cubeide_1.15.1/plugins/com.st.stm32cube.ide.mcu.externaltools.gnu-tools-for-stm32.12.3.rel1.linux64_1.0.100.202403111256/tools/bin/../lib/gcc/arm-none-eabi/12.3.1/../../../../arm-none-eabi/lib/thumb/v6-m/nofp/libc.a
LOAD /opt/st/stm32cubeide_1.15.1/plugins/com.st.stm32cube.ide.mcu.externaltools.gnu-tools-for-stm32.12.3.rel1.linux64_1.0.100.202403111256/tools/bin/../lib/gcc/arm-none-eabi/12.3.1/../../../../arm-none-eabi/lib/thumb/v6-m/nofp/libm.a
LOAD /opt/st/stm32cubeide_1.15.1/plugins/com.st.stm32cube.ide.mcu.externaltools.gnu-tools-for-stm32.12.3.rel1.linux64_1.0.100.202403111256/tools/bin/../lib/gcc/arm-none-eabi/12.3.1/thumb/v6-m/nofp/libgcc.a

.debug_info     0x00000000    0x15d69
 .debug_info    0x00000000      0xa30 ./Core/Src/freertos.o
 .debug_info    0x00000a30      0x341 ./Core/Src/gpio.o
 .debug_info    0x00000d71      0x8df ./Core/Src/i2c.o
 .debug_info    0x00001650      0x983 ./Core/Src/main.o
 .debug_info    0x00001fd3      0x272 ./Core/Src/stm32f0xx_hal_msp.o
 .debug_info    0x00002245      0x925 ./Core/Src/stm32f0xx_hal_timebase_tim.o
 .debug_info    0x00002b6a      0x9c1 ./Core/Src/stm32f0xx_it.o
 .debug_info    0x0000352b      0x242 ./Core/Src/system_stm32f0xx.o
 .debug_info    0x0000376d      0xa26 ./Core/Src/usart.o
 .debug_info    0x00004193       0x30 ./Core/Startup/startup_stm32f031k6ux.o
 .debug_info    0x000041c3      0x694 ./Drivers/STM32F0xx_HAL_Driver/stm32f0xx_hal.o
 .debug_info    0x00004857      0x6bb ./Drivers/STM32F0xx_HAL_Driver/stm32f0xx_hal_cortex.o
 .debug_info    0x00004f12      0x735 ./Drivers/STM32F0xx_HAL_Driver/stm32f0xx_hal_dma.o
 .debug_info    0x00005647      0x5f9 ./Drivers/STM32F0xx_HAL_Driver/stm32f0xx_hal_gpio.o
 .debug_info    0x00005c40     0x206a ./Drivers/STM32F0xx_HAL_Driver/stm32f0xx_hal_i2c.o
 .debug_info    0x00007caa      0x851 ./Drivers/STM32F0xx_HAL_Driver/stm32f0xx_hal_i2c_ex.o
 .debug_info    0x000084fb      0x85f ./Drivers/STM32F0xx_HAL_Driver/stm32f0xx_hal_rcc.o
 .debug_info    0x00008d5a      0x379 ./Drivers/STM32F0xx_HAL_Driver/stm32f0xx_hal_rcc_ex.o
 .debug_info    0x000090d3     0x2992 ./Drivers/STM32F0xx_HAL_Driver/stm32f0xx_hal_tim.o
 .debug_info    0x0000ba65     0x14e8 ./Drivers/STM32F0xx_HAL_Driver/stm32f0xx_hal_tim_ex.o
 .debug_info    0x0000cf4d     0x3ab1 ./Drivers/STM32F0xx_HAL_Driver/stm32f0xx_hal_uart.o
 .debug_info    0x000109fe      0xc9a ./Drivers/STM32F0xx_HAL_Driver/stm32f0xx_hal_uart_ex.o
 .debug_info    0x00011698     0x215e ./Middlewares/FreeRTOS/cmsis_os.o
 .debug_info    0x000137f6      0x309 ./Middlewares/FreeRTOS/heap_4.o
 .debug_info    0x00013aff      0x2aa ./Middlewares/FreeRTOS/list.o
 .debug_info    0x00013da9      0x289 ./Middlewares/FreeRTOS/port.o
 .debug_info    0x00014032     0x1d37 ./Middlewares/FreeRTOS/tasks.o

.debug_abbrev   0x00000000     0x3760
 .debug_abbrev  0x00000000      0x1f8 ./Core/Src/freertos.o
 .debug_abbrev  0x000001f8      0x14d ./Core/Src/gpio.o
 .debug_abbrev  0x00000345      0x215 ./Core/Src/i2c.o
 .debug_abbrev  0x0000055a      0x226 ./Core/Src/main.o
 .debug_abbrev  0x00000780      0x107 ./Core/Src/stm32f0xx_hal_msp.o
 .debug_abbrev  0x00000887      0x21f ./Core/Src/stm32f0xx_hal_timebase_tim.o
 .debug_abbrev  0x00000aa6      0x19d ./Core/Src/stm32f0xx_it.o
 .debug_abbrev  0x00000c43      0x11c ./Core/Src/system_stm32f0xx.o
 .debug_abbrev  0x00000d5f      0x215 ./Core/Src/usart.o
 .debug_abbrev  0x00000f74       0x24 ./Core/Startup/startup_stm32f031k6ux.o
 .debug_abbrev  0x00000f98      0x269 ./Drivers/STM32F0xx_HAL_Driver/stm32f0xx_hal.o
 .debug_abbrev  0x00001201      0x298 ./Drivers/STM32F0xx_HAL_Driver/stm32f0xx_hal_cortex.o
 .debug_abbrev  0x00001499      0x204 ./Drivers/STM32F0xx_HAL_Driver/stm32f0xx_hal_dma.o
 .debug_abbrev  0x0000169d      0x1e3 ./Drivers/STM32F0xx_HAL_Driver/stm32f0xx_hal_gpio.o
 .debug_abbrev  0x00001880      0x285 ./Drivers/STM32F0xx_HAL_Driver/stm32f0xx_hal_i2c.o
 .debug_abbrev  0x00001b05      0x1eb ./Drivers/STM32F0xx_HAL_Driver/stm32f0xx_hal_i2c_ex.o
 .debug_abbrev  0x00001cf0      0x270 ./Drivers/STM32F0xx_HAL_Driver/stm32f0xx_hal_rcc.o
 .debug_abbrev  0x00001f60      0x18c ./Drivers/STM32F0xx_HAL_Driver/stm32f0xx_hal_rcc_ex.o
 .debug_abbrev  0x000020ec      0x2a0 ./Drivers/STM32F0xx_HAL_Driver/stm32f0xx_hal_tim.o
 .debug_abbrev  0x0000238c      0x293 ./Drivers/STM32F0xx_HAL_Driver/stm32f0xx_hal_tim_ex.o
 .debug_abbrev  0x0000261f      0x2f8 ./Drivers/STM32F0xx_HAL_Driver/stm32f0xx_hal_uart.o
 .debug_abbrev  0x00002917      0x2ba ./Drivers/STM32F0xx_HAL_Driver/stm32f0xx_hal_uart_ex.o
 .debug_abbrev  0x00002bd1      0x3ac ./Middlewares/FreeRTOS/cmsis_os.o
 .debug_abbrev  0x00002f7d      0x1a1 ./Middlewares/FreeRTOS/heap_4.o
 .debug_abbrev  0x0000311e       0xf5 ./Middlewares/FreeRTOS/list.o
 .debug_abbrev  0x00003213      0x1ea ./Middlewares/FreeRTOS/port.o
 .debug_abbrev  0x000033fd      0x363 ./Middlewares/FreeRTOS/tasks.o

.debug_aranges  0x00000000     0x1438
 .debug_aranges
                0x00000000       0x30 ./Core/Src/freertos.o
 .debug_aranges
                0x00000030       0x20 ./Core/Src/gpio.o
 .debug_aranges
                0x00000050       0x30 ./Core/Src/i2c.o
 .debug_aranges
                0x00000080       0x40 ./Core/Src/main.o
 .debug_aranges
                0x000000c0       0x20 ./Core/Src/stm32f0xx_hal_msp.o
 .debug_aranges
                0x000000e0       0x30 ./Core/Src/stm32f0xx_hal_timebase_tim.o
 .debug_aranges
                0x00000110       0x38 ./Core/Src/stm32f0xx_it.o
 .debug_aranges
                0x00000148       0x28 ./Core/Src/system_stm32f0xx.o
 .debug_aranges
                0x00000170       0x30 ./Core/Src/usart.o
 .debug_aranges
                0x000001a0       0x28 ./Core/Startup/startup_stm32f031k6ux.o
 .debug_aranges
                0x000001c8       0xd0 ./Drivers/STM32F0xx_HAL_Driver/stm32f0xx_hal.o
 .debug_aranges
                0x00000298       0xc0 ./Drivers/STM32F0xx_HAL_Driver/stm32f0xx_hal_cortex.o
 .debug_aranges
                0x00000358       0x88 ./Drivers/STM32F0xx_HAL_Driver/stm32f0xx_hal_dma.o
 .debug_aranges
                0x000003e0       0x58 ./Drivers/STM32F0xx_HAL_Driver/stm32f0xx_hal_gpio.o
 .debug_aranges
                0x00000438      0x2a0 ./Drivers/STM32F0xx_HAL_Driver/stm32f0xx_hal_i2c.o
 .debug_aranges
                0x000006d8       0x48 ./Drivers/STM32F0xx_HAL_Driver/stm32f0xx_hal_i2c_ex.o
 .debug_aranges
                0x00000720       0x80 ./Drivers/STM32F0xx_HAL_Driver/stm32f0xx_hal_rcc.o
 .debug_aranges
                0x000007a0       0x30 ./Drivers/STM32F0xx_HAL_Driver/stm32f0xx_hal_rcc_ex.o
 .debug_aranges
                0x000007d0      0x3d0 ./Drivers/STM32F0xx_HAL_Driver/stm32f0xx_hal_tim.o
 .debug_aranges
                0x00000ba0      0x168 ./Drivers/STM32F0xx_HAL_Driver/stm32f0xx_hal_tim_ex.o
 .debug_aranges
                0x00000d08      0x228 ./Drivers/STM32F0xx_HAL_Driver/stm32f0xx_hal_uart.o
 .debug_aranges
                0x00000f30       0x70 ./Drivers/STM32F0xx_HAL_Driver/stm32f0xx_hal_uart_ex.o
 .debug_aranges
                0x00000fa0      0x1d8 ./Middlewares/FreeRTOS/cmsis_os.o
 .debug_aranges
                0x00001178       0x50 ./Middlewares/FreeRTOS/heap_4.o
 .debug_aranges
                0x000011c8       0x40 ./Middlewares/FreeRTOS/list.o
 .debug_aranges
                0x00001208       0x88 ./Middlewares/FreeRTOS/port.o
 .debug_aranges
                0x00001290      0x1a8 ./Middlewares/FreeRTOS/tasks.o

.debug_rnglists
                0x00000000      0xfdd
 .debug_rnglists
                0x00000000       0x1f ./Core/Src/freertos.o
 .debug_rnglists
                0x0000001f       0x14 ./Core/Src/gpio.o
 .debug_rnglists
                0x00000033       0x21 ./Core/Src/i2c.o
 .debug_rnglists
                0x00000054       0x2c ./Core/Src/main.o
 .debug_rnglists
                0x00000080       0x13 ./Core/Src/stm32f0xx_hal_msp.o
 .debug_rnglists
                0x00000093       0x20 ./Core/Src/stm32f0xx_hal_timebase_tim.o
 .debug_rnglists
                0x000000b3       0x25 ./Core/Src/stm32f0xx_it.o
 .debug_rnglists
                0x000000d8       0x1a ./Core/Src/system_stm32f0xx.o
 .debug_rnglists
                0x000000f2       0x20 ./Core/Src/usart.o
 .debug_rnglists
                0x00000112       0x19 ./Core/Startup/startup_stm32f031k6ux.o
 .debug_rnglists
                0x0000012b       0x98 ./Drivers/STM32F0xx_HAL_Driver/stm32f0xx_hal.o
 .debug_rnglists
                0x000001c3       0x8c ./Drivers/STM32F0xx_HAL_Driver/stm32f0xx_hal_cortex.o
 .debug_rnglists
                0x0000024f       0x6a ./Drivers/STM32F0xx_HAL_Driver/stm32f0xx_hal_dma.o
 .debug_rnglists
                0x000002b9       0x40 ./Drivers/STM32F0xx_HAL_Driver/stm32f0xx_hal_gpio.o
 .debug_rnglists
                0x000002f9      0x22b ./Drivers/STM32F0xx_HAL_Driver/stm32f0xx_hal_i2c.o
 .debug_rnglists
                0x00000524       0x37 ./Drivers/STM32F0xx_HAL_Driver/stm32f0xx_hal_i2c_ex.o
 .debug_rnglists
                0x0000055b       0x62 ./Drivers/STM32F0xx_HAL_Driver/stm32f0xx_hal_rcc.o
 .debug_rnglists
                0x000005bd       0x21 ./Drivers/STM32F0xx_HAL_Driver/stm32f0xx_hal_rcc_ex.o
 .debug_rnglists
                0x000005de      0x324 ./Drivers/STM32F0xx_HAL_Driver/stm32f0xx_hal_tim.o
 .debug_rnglists
                0x00000902      0x128 ./Drivers/STM32F0xx_HAL_Driver/stm32f0xx_hal_tim_ex.o
 .debug_rnglists
                0x00000a2a      0x1dc ./Drivers/STM32F0xx_HAL_Driver/stm32f0xx_hal_uart.o
 .debug_rnglists
                0x00000c06       0x55 ./Drivers/STM32F0xx_HAL_Driver/stm32f0xx_hal_uart_ex.o
 .debug_rnglists
                0x00000c5b      0x168 ./Middlewares/FreeRTOS/cmsis_os.o
 .debug_rnglists
                0x00000dc3       0x3b ./Middlewares/FreeRTOS/heap_4.o
 .debug_rnglists
                0x00000dfe       0x2b ./Middlewares/FreeRTOS/list.o
 .debug_rnglists
                0x00000e29       0x61 ./Middlewares/FreeRTOS/port.o
 .debug_rnglists
                0x00000e8a      0x153 ./Middlewares/FreeRTOS/tasks.o

.debug_macro    0x00000000    0x12ce1
 .debug_macro   0x00000000      0x33f ./Core/Src/freertos.o
 .debug_macro   0x0000033f      0xa8a ./Core/Src/freertos.o
 .debug_macro   0x00000dc9      0x189 ./Core/Src/freertos.o
 .debug_macro   0x00000f52       0x22 ./Core/Src/freertos.o
 .debug_macro   0x00000f74       0x8e ./Core/Src/freertos.o
 .debug_macro   0x00001002       0x51 ./Core/Src/freertos.o
 .debug_macro   0x00001053      0x103 ./Core/Src/freertos.o
 .debug_macro   0x00001156       0x6a ./Core/Src/freertos.o
 .debug_macro   0x000011c0      0x1df ./Core/Src/freertos.o
 .debug_macro   0x0000139f       0xb8 ./Core/Src/freertos.o
 .debug_macro   0x00001457      0x15a ./Core/Src/freertos.o
 .debug_macro   0x000015b1       0xac ./Core/Src/freertos.o
 .debug_macro   0x0000165d       0x10 ./Core/Src/freertos.o
 .debug_macro   0x0000166d       0x1f ./Core/Src/freertos.o
 .debug_macro   0x0000168c       0x61 ./Core/Src/freertos.o
 .debug_macro   0x000016ed       0x24 ./Core/Src/freertos.o
 .debug_macro   0x00001711       0x43 ./Core/Src/freertos.o
 .debug_macro   0x00001754       0x34 ./Core/Src/freertos.o
 .debug_macro   0x00001788       0x16 ./Core/Src/freertos.o
 .debug_macro   0x0000179e       0x43 ./Core/Src/freertos.o
 .debug_macro   0x000017e1       0x34 ./Core/Src/freertos.o
 .debug_macro   0x00001815       0x10 ./Core/Src/freertos.o
 .debug_macro   0x00001825       0x58 ./Core/Src/freertos.o
 .debug_macro   0x0000187d       0x8e ./Core/Src/freertos.o
 .debug_macro   0x0000190b       0x1c ./Core/Src/freertos.o
 .debug_macro   0x00001927      0x177 ./Core/Src/freertos.o
 .debug_macro   0x00001a9e       0x10 ./Core/Src/freertos.o
 .debug_macro   0x00001aae       0x35 ./Core/Src/freertos.o
 .debug_macro   0x00001ae3      0x4bf ./Core/Src/freertos.o
 .debug_macro   0x00001fa2       0xb5 ./Core/Src/freertos.o
 .debug_macro   0x00002057       0x8c ./Core/Src/freertos.o
 .debug_macro   0x000020e3      0x13a ./Core/Src/freertos.o
 .debug_macro   0x0000221d       0x2e ./Core/Src/freertos.o
 .debug_macro   0x0000224b       0x22 ./Core/Src/freertos.o
 .debug_macro   0x0000226d       0x1c ./Core/Src/freertos.o
 .debug_macro   0x00002289       0x22 ./Core/Src/freertos.o
 .debug_macro   0x000022ab       0xaf ./Core/Src/freertos.o
 .debug_macro   0x0000235a      0x391 ./Core/Src/freertos.o
 .debug_macro   0x000026eb     0x754b ./Core/Src/freertos.o
 .debug_macro   0x00009c36       0x66 ./Core/Src/freertos.o
 .debug_macro   0x00009c9c     0x34be ./Core/Src/freertos.o
 .debug_macro   0x0000d15a       0x55 ./Core/Src/freertos.o
 .debug_macro   0x0000d1af      0x924 ./Core/Src/freertos.o
 .debug_macro   0x0000dad3       0xe5 ./Core/Src/freertos.o
 .debug_macro   0x0000dbb8      0x1ae ./Core/Src/freertos.o
 .debug_macro   0x0000dd66       0xce ./Core/Src/freertos.o
 .debug_macro   0x0000de34      0x199 ./Core/Src/freertos.o
 .debug_macro   0x0000dfcd      0x1ed ./Core/Src/freertos.o
 .debug_macro   0x0000e1ba       0x34 ./Core/Src/freertos.o
 .debug_macro   0x0000e1ee       0x43 ./Core/Src/freertos.o
 .debug_macro   0x0000e231       0x28 ./Core/Src/freertos.o
 .debug_macro   0x0000e259       0xb0 ./Core/Src/freertos.o
 .debug_macro   0x0000e309      0x15a ./Core/Src/freertos.o
 .debug_macro   0x0000e463      0x22c ./Core/Src/freertos.o
 .debug_macro   0x0000e68f       0x61 ./Core/Src/freertos.o
 .debug_macro   0x0000e6f0       0xa5 ./Core/Src/freertos.o
 .debug_macro   0x0000e795       0x4c ./Core/Src/freertos.o
 .debug_macro   0x0000e7e1      0x112 ./Core/Src/freertos.o
 .debug_macro   0x0000e8f3      0x8f4 ./Core/Src/freertos.o
 .debug_macro   0x0000f1e7       0x28 ./Core/Src/freertos.o
 .debug_macro   0x0000f20f      0x5ba ./Core/Src/freertos.o
 .debug_macro   0x0000f7c9       0x3e ./Core/Src/freertos.o
 .debug_macro   0x0000f807      0x106 ./Core/Src/freertos.o
 .debug_macro   0x0000f90d       0x1c ./Core/Src/freertos.o
 .debug_macro   0x0000f929       0x91 ./Core/Src/freertos.o
 .debug_macro   0x0000f9ba       0x8d ./Core/Src/freertos.o
 .debug_macro   0x0000fa47       0x7e ./Core/Src/freertos.o
 .debug_macro   0x0000fac5       0x19 ./Core/Src/freertos.o
 .debug_macro   0x0000fade       0xf2 ./Core/Src/freertos.o
 .debug_macro   0x0000fbd0      0x1db ./Core/Src/gpio.o
 .debug_macro   0x0000fdab      0x1db ./Core/Src/i2c.o
 .debug_macro   0x0000ff86      0x343 ./Core/Src/main.o
 .debug_macro   0x000102c9      0x1d1 ./Core/Src/stm32f0xx_hal_msp.o
 .debug_macro   0x0001049a      0x1c2 ./Core/Src/stm32f0xx_hal_timebase_tim.o
 .debug_macro   0x0001065c      0x1db ./Core/Src/stm32f0xx_it.o
 .debug_macro   0x00010837      0x1c2 ./Core/Src/system_stm32f0xx.o
 .debug_macro   0x000109f9      0x1db ./Core/Src/usart.o
 .debug_macro   0x00010bd4      0x1e6 ./Drivers/STM32F0xx_HAL_Driver/stm32f0xx_hal.o
 .debug_macro   0x00010dba      0x1c2 ./Drivers/STM32F0xx_HAL_Driver/stm32f0xx_hal_cortex.o
 .debug_macro   0x00010f7c      0x1c2 ./Drivers/STM32F0xx_HAL_Driver/stm32f0xx_hal_dma.o
 .debug_macro   0x0001113e      0x1c9 ./Drivers/STM32F0xx_HAL_Driver/stm32f0xx_hal_gpio.o
 .debug_macro   0x00011307      0x28e ./Drivers/STM32F0xx_HAL_Driver/stm32f0xx_hal_i2c.o
 .debug_macro   0x00011595      0x1c2 ./Drivers/STM32F0xx_HAL_Driver/stm32f0xx_hal_i2c_ex.o
 .debug_macro   0x00011757      0x1d4 ./Drivers/STM32F0xx_HAL_Driver/stm32f0xx_hal_rcc.o
 .debug_macro   0x0001192b      0x1c2 ./Drivers/STM32F0xx_HAL_Driver/stm32f0xx_hal_rcc_ex.o
 .debug_macro   0x00011aed      0x1c3 ./Drivers/STM32F0xx_HAL_Driver/stm32f0xx_hal_tim.o
 .debug_macro   0x00011cb0      0x1c2 ./Drivers/STM32F0xx_HAL_Driver/stm32f0xx_hal_tim_ex.o
 .debug_macro   0x00011e72      0x1df ./Drivers/STM32F0xx_HAL_Driver/stm32f0xx_hal_uart.o
 .debug_macro   0x00012051      0x1c2 ./Drivers/STM32F0xx_HAL_Driver/stm32f0xx_hal_uart_ex.o
 .debug_macro   0x00012213      0x210 ./Middlewares/FreeRTOS/cmsis_os.o
 .debug_macro   0x00012423       0x10 ./Middlewares/FreeRTOS/cmsis_os.o
 .debug_macro   0x00012433       0x20 ./Middlewares/FreeRTOS/cmsis_os.o
 .debug_macro   0x00012453       0x16 ./Middlewares/FreeRTOS/cmsis_os.o
 .debug_macro   0x00012469       0x9d ./Middlewares/FreeRTOS/cmsis_os.o
 .debug_macro   0x00012506      0x1c0 ./Middlewares/FreeRTOS/heap_4.o
 .debug_macro   0x000126c6      0x199 ./Middlewares/FreeRTOS/list.o
 .debug_macro   0x0001285f      0x1d9 ./Middlewares/FreeRTOS/port.o
 .debug_macro   0x00012a38      0x299 ./Middlewares/FreeRTOS/tasks.o
 .debug_macro   0x00012cd1       0x10 ./Middlewares/FreeRTOS/tasks.o

.debug_line     0x00000000    0x1c8eb
 .debug_line    0x00000000      0xb4d ./Core/Src/freertos.o
 .debug_line    0x00000b4d      0x7ba ./Core/Src/gpio.o
 .debug_line    0x00001307      0x800 ./Core/Src/i2c.o
 .debug_line    0x00001b07      0xb90 ./Core/Src/main.o
 .debug_line    0x00002697      0x784 ./Core/Src/stm32f0xx_hal_msp.o
 .debug_line    0x00002e1b      0x7ff ./Core/Src/stm32f0xx_hal_timebase_tim.o
 .debug_line    0x0000361a      0x7da ./Core/Src/stm32f0xx_it.o
 .debug_line    0x00003df4      0x7f3 ./Core/Src/system_stm32f0xx.o
 .debug_line    0x000045e7      0x7f6 ./Core/Src/usart.o
 .debug_line    0x00004ddd       0x7b ./Core/Startup/startup_stm32f031k6ux.o
 .debug_line    0x00004e58      0xa47 ./Drivers/STM32F0xx_HAL_Driver/stm32f0xx_hal.o
 .debug_line    0x0000589f      0xb20 ./Drivers/STM32F0xx_HAL_Driver/stm32f0xx_hal_cortex.o
 .debug_line    0x000063bf      0xe1e ./Drivers/STM32F0xx_HAL_Driver/stm32f0xx_hal_dma.o
 .debug_line    0x000071dd      0xcc3 ./Drivers/STM32F0xx_HAL_Driver/stm32f0xx_hal_gpio.o
 .debug_line    0x00007ea0     0x3b61 ./Drivers/STM32F0xx_HAL_Driver/stm32f0xx_hal_i2c.o
 .debug_line    0x0000ba01      0xa73 ./Drivers/STM32F0xx_HAL_Driver/stm32f0xx_hal_i2c_ex.o
 .debug_line    0x0000c474     0x105a ./Drivers/STM32F0xx_HAL_Driver/stm32f0xx_hal_rcc.o
 .debug_line    0x0000d4ce      0x9dc ./Drivers/STM32F0xx_HAL_Driver/stm32f0xx_hal_rcc_ex.o
 .debug_line    0x0000deaa     0x4eb1 ./Drivers/STM32F0xx_HAL_Driver/stm32f0xx_hal_tim.o
 .debug_line    0x00012d5b     0x1eca ./Drivers/STM32F0xx_HAL_Driver/stm32f0xx_hal_tim_ex.o
 .debug_line    0x00014c25     0x2e2b ./Drivers/STM32F0xx_HAL_Driver/stm32f0xx_hal_uart.o
 .debug_line    0x00017a50      0xc8b ./Drivers/STM32F0xx_HAL_Driver/stm32f0xx_hal_uart_ex.o
 .debug_line    0x000186db     0x125b ./Middlewares/FreeRTOS/cmsis_os.o
 .debug_line    0x00019936      0x901 ./Middlewares/FreeRTOS/heap_4.o
 .debug_line    0x0001a237      0x774 ./Middlewares/FreeRTOS/list.o
 .debug_line    0x0001a9ab      0x7d4 ./Middlewares/FreeRTOS/port.o
 .debug_line    0x0001b17f     0x176c ./Middlewares/FreeRTOS/tasks.o

.debug_str      0x00000000    0x6ff7c
 .debug_str     0x00000000    0x67989 ./Core/Src/freertos.o
                              0x67cbf (size before relaxing)
 .debug_str     0x00067989      0x138 ./Core/Src/gpio.o
                              0x603fe (size before relaxing)
 .debug_str     0x00067ac1      0x4ab ./Core/Src/i2c.o
                              0x60925 (size before relaxing)
 .debug_str     0x00067f6c      0x4e0 ./Core/Src/main.o
                              0x67f48 (size before relaxing)
 .debug_str     0x0006844c      0x148 ./Core/Src/stm32f0xx_hal_msp.o
                              0x604b4 (size before relaxing)
 .debug_str     0x00068594      0x11a ./Core/Src/stm32f0xx_hal_timebase_tim.o
                              0x60a7c (size before relaxing)
 .debug_str     0x000686ae      0x2b5 ./Core/Src/stm32f0xx_it.o
                              0x60a74 (size before relaxing)
 .debug_str     0x00068963       0x8b ./Core/Src/system_stm32f0xx.o
                              0x6033d (size before relaxing)
 .debug_str     0x000689ee       0x65 ./Core/Src/usart.o
                              0x60a2e (size before relaxing)
 .debug_str     0x00068a53       0x44 ./Core/Startup/startup_stm32f031k6ux.o
                                 0x77 (size before relaxing)
 .debug_str     0x00068a97      0x375 ./Drivers/STM32F0xx_HAL_Driver/stm32f0xx_hal.o
                              0x60904 (size before relaxing)
 .debug_str     0x00068e0c      0x1c3 ./Drivers/STM32F0xx_HAL_Driver/stm32f0xx_hal_cortex.o
                              0x606f5 (size before relaxing)
 .debug_str     0x00068fcf      0x27d ./Drivers/STM32F0xx_HAL_Driver/stm32f0xx_hal_dma.o
                              0x60738 (size before relaxing)
 .debug_str     0x0006924c      0x148 ./Drivers/STM32F0xx_HAL_Driver/stm32f0xx_hal_gpio.o
                              0x60533 (size before relaxing)
 .debug_str     0x00069394      0xe62 ./Drivers/STM32F0xx_HAL_Driver/stm32f0xx_hal_i2c.o
                              0x616e1 (size before relaxing)
 .debug_str     0x0006a1f6       0xed ./Drivers/STM32F0xx_HAL_Driver/stm32f0xx_hal_i2c_ex.o
                              0x60908 (size before relaxing)
 .debug_str     0x0006a2e3      0x20e ./Drivers/STM32F0xx_HAL_Driver/stm32f0xx_hal_rcc.o
                              0x607bc (size before relaxing)
 .debug_str     0x0006a4f1       0xcc ./Drivers/STM32F0xx_HAL_Driver/stm32f0xx_hal_rcc_ex.o
                              0x604c9 (size before relaxing)
 .debug_str     0x0006a5bd      0xe63 ./Drivers/STM32F0xx_HAL_Driver/stm32f0xx_hal_tim.o
                              0x61798 (size before relaxing)
 .debug_str     0x0006b420      0x538 ./Drivers/STM32F0xx_HAL_Driver/stm32f0xx_hal_tim_ex.o
                              0x60fb4 (size before relaxing)
 .debug_str     0x0006b958      0x885 ./Drivers/STM32F0xx_HAL_Driver/stm32f0xx_hal_uart.o
                              0x610e4 (size before relaxing)
 .debug_str     0x0006c1dd      0x1ed ./Drivers/STM32F0xx_HAL_Driver/stm32f0xx_hal_uart_ex.o
                              0x60a15 (size before relaxing)
 .debug_str     0x0006c3ca     0x217a ./Middlewares/FreeRTOS/cmsis_os.o
                               0xdfdb (size before relaxing)
 .debug_str     0x0006e544      0x3ae ./Middlewares/FreeRTOS/heap_4.o
                               0xab24 (size before relaxing)
 .debug_str     0x0006e8f2      0x163 ./Middlewares/FreeRTOS/list.o
                               0xa40a (size before relaxing)
 .debug_str     0x0006ea55      0x498 ./Middlewares/FreeRTOS/port.o
                               0x9723 (size before relaxing)
 .debug_str     0x0006eeed     0x108f ./Middlewares/FreeRTOS/tasks.o
                               0xc9a5 (size before relaxing)

.comment        0x00000000       0x43
 .comment       0x00000000       0x43 ./Core/Src/freertos.o
                                 0x44 (size before relaxing)
 .comment       0x00000043       0x44 ./Core/Src/gpio.o
 .comment       0x00000043       0x44 ./Core/Src/i2c.o
 .comment       0x00000043       0x44 ./Core/Src/main.o
 .comment       0x00000043       0x44 ./Core/Src/stm32f0xx_hal_msp.o
 .comment       0x00000043       0x44 ./Core/Src/stm32f0xx_hal_timebase_tim.o
 .comment       0x00000043       0x44 ./Core/Src/stm32f0xx_it.o
 .comment       0x00000043       0x44 ./Core/Src/system_stm32f0xx.o
 .comment       0x00000043       0x44 ./Core/Src/usart.o
 .comment       0x00000043       0x44 ./Drivers/STM32F0xx_HAL_Driver/stm32f0xx_hal.o
 .comment       0x00000043       0x44 ./Drivers/STM32F0xx_HAL_Driver/stm32f0xx_hal_cortex.o
 .comment       0x00000043       0x44 ./Drivers/STM32F0xx_HAL_Driver/stm32f0xx_hal_dma.o
 .comment       0x00000043       0x44 ./Drivers/STM32F0xx_HAL_Driver/stm32f0xx_hal_gpio.o
 .comment       0x00000043       0x44 ./Drivers/STM32F0xx_HAL_Driver/stm32f0xx_hal_i2c.o
 .comment       0x00000043       0x44 ./Drivers/STM32F0xx_HAL_Driver/stm32f0xx_hal_i2c_ex.o
 .comment       0x00000043       0x44 ./Drivers/STM32F0xx_HAL_Driver/stm32f0xx_hal_rcc.o
 .comment       0x00000043       0x44 ./Drivers/STM32F0xx_HAL_Driver/stm32f0xx_hal_rcc_ex.o
 .comment       0x00000043       0x44 ./Drivers/STM32F0xx_HAL_Driver/stm32f0xx_hal_tim.o
 .comment       0x00000043       0x44 ./Drivers/STM32F0xx_HAL_Driver/stm32f0xx_hal_tim_ex.o
 .comment       0x00000043       0x44 ./Drivers/STM32F0xx_HAL_Driver/stm32f0xx_hal_uart.o
 .comment       0x00000043       0x44 ./Drivers/STM32F0xx_HAL_Driver/stm32f0xx_hal_uart_ex.o
 .comment       0x00000043       0x44 ./Middlewares/FreeRTOS/cmsis_os.o
 .comment       0x00000043       0x44 ./Middlewares/FreeRTOS/heap_4.o
 .comment       0x00000043       0x44 ./Middlewares/FreeRTOS/list.o
 .comment       0x00000043       0x44 ./Middlewares/FreeRTOS/port.o
 .comment       0x00000043       0x44 ./Middlewares/FreeRTOS/tasks.o

.debug_frame    0x00000000     0x4a70
 .debug_frame   0x00000000       0x6c ./Core/Src/freertos.o
 .debug_frame   0x0000006c       0x30 ./Core/Src/gpio.o
 .debug_frame   0x0000009c       0x6c ./Core/Src/i2c.o
 .debug_frame   0x00000108       0xa8 ./Core/Src/main.o
 .debug_frame   0x000001b0       0x30 ./Core/Src/stm32f0xx_hal_msp.o
 .debug_frame   0x000001e0       0x6c ./Core/Src/stm32f0xx_hal_timebase_tim.o
 .debug_frame   0x0000024c       0x80 ./Core/Src/stm32f0xx_it.o
 .debug_frame   0x000002cc       0x4c ./Core/Src/system_stm32f0xx.o
 .debug_frame   0x00000318       0x6c ./Core/Src/usart.o
 .debug_frame   0x00000384      0x2a4 ./Drivers/STM32F0xx_HAL_Driver/stm32f0xx_hal.o
 .debug_frame   0x00000628      0x2a0 ./Drivers/STM32F0xx_HAL_Driver/stm32f0xx_hal_cortex.o
 .debug_frame   0x000008c8      0x1d0 ./Drivers/STM32F0xx_HAL_Driver/stm32f0xx_hal_dma.o
 .debug_frame   0x00000a98      0x110 ./Drivers/STM32F0xx_HAL_Driver/stm32f0xx_hal_gpio.o
 .debug_frame   0x00000ba8      0xa64 ./Drivers/STM32F0xx_HAL_Driver/stm32f0xx_hal_i2c.o
 .debug_frame   0x0000160c       0xd0 ./Drivers/STM32F0xx_HAL_Driver/stm32f0xx_hal_i2c_ex.o
 .debug_frame   0x000016dc      0x198 ./Drivers/STM32F0xx_HAL_Driver/stm32f0xx_hal_rcc.o
 .debug_frame   0x00001874       0x70 ./Drivers/STM32F0xx_HAL_Driver/stm32f0xx_hal_rcc_ex.o
 .debug_frame   0x000018e4      0xf00 ./Drivers/STM32F0xx_HAL_Driver/stm32f0xx_hal_tim.o
 .debug_frame   0x000027e4      0x550 ./Drivers/STM32F0xx_HAL_Driver/stm32f0xx_hal_tim_ex.o
 .debug_frame   0x00002d34      0x850 ./Drivers/STM32F0xx_HAL_Driver/stm32f0xx_hal_uart.o
 .debug_frame   0x00003584      0x178 ./Drivers/STM32F0xx_HAL_Driver/stm32f0xx_hal_uart_ex.o
 .debug_frame   0x000036fc      0x6f4 ./Middlewares/FreeRTOS/cmsis_os.o
 .debug_frame   0x00003df0       0xe4 ./Middlewares/FreeRTOS/heap_4.o
 .debug_frame   0x00003ed4       0xb0 ./Middlewares/FreeRTOS/list.o
 .debug_frame   0x00003f84      0x174 ./Middlewares/FreeRTOS/port.o
 .debug_frame   0x000040f8      0x63c ./Middlewares/FreeRTOS/tasks.o
 .debug_frame   0x00004734      0x138 /opt/st/stm32cubeide_1.15.1/plugins/com.st.stm32cube.ide.mcu.externaltools.gnu-tools-for-stm32.12.3.rel1.linux64_1.0.100.202403111256/tools/bin/../lib/gcc/arm-none-eabi/12.3.1/../../../../arm-none-eabi/lib/thumb/v6-m/nofp/libc_nano.a(libc_a-findfp.o)
 .debug_frame   0x0000486c       0x20 /opt/st/stm32cubeide_1.15.1/plugins/com.st.stm32cube.ide.mcu.externaltools.gnu-tools-for-stm32.12.3.rel1.linux64_1.0.100.202403111256/tools/bin/../lib/gcc/arm-none-eabi/12.3.1/../../../../arm-none-eabi/lib/thumb/v6-m/nofp/libc_nano.a(libc_a-memset.o)
 .debug_frame   0x0000488c       0x2c /opt/st/stm32cubeide_1.15.1/plugins/com.st.stm32cube.ide.mcu.externaltools.gnu-tools-for-stm32.12.3.rel1.linux64_1.0.100.202403111256/tools/bin/../lib/gcc/arm-none-eabi/12.3.1/../../../../arm-none-eabi/lib/thumb/v6-m/nofp/libc_nano.a(libc_a-reent.o)
 .debug_frame   0x000048b8       0x2c /opt/st/stm32cubeide_1.15.1/plugins/com.st.stm32cube.ide.mcu.externaltools.gnu-tools-for-stm32.12.3.rel1.linux64_1.0.100.202403111256/tools/bin/../lib/gcc/arm-none-eabi/12.3.1/../../../../arm-none-eabi/lib/thumb/v6-m/nofp/libc_nano.a(libc_a-init.o)
 .debug_frame   0x000048e4       0xb0 /opt/st/stm32cubeide_1.15.1/plugins/com.st.stm32cube.ide.mcu.externaltools.gnu-tools-for-stm32.12.3.rel1.linux64_1.0.100.202403111256/tools/bin/../lib/gcc/arm-none-eabi/12.3.1/../../../../arm-none-eabi/lib/thumb/v6-m/nofp/libc_nano.a(libc_a-lock.o)
 .debug_frame   0x00004994       0x2c /opt/st/stm32cubeide_1.15.1/plugins/com.st.stm32cube.ide.mcu.externaltools.gnu-tools-for-stm32.12.3.rel1.linux64_1.0.100.202403111256/tools/bin/../lib/gcc/arm-none-eabi/12.3.1/../../../../arm-none-eabi/lib/thumb/v6-m/nofp/libc_nano.a(libc_a-freer.o)
 .debug_frame   0x000049c0       0x50 /opt/st/stm32cubeide_1.15.1/plugins/com.st.stm32cube.ide.mcu.externaltools.gnu-tools-for-stm32.12.3.rel1.linux64_1.0.100.202403111256/tools/bin/../lib/gcc/arm-none-eabi/12.3.1/../../../../arm-none-eabi/lib/thumb/v6-m/nofp/libc_nano.a(libc_a-mallocr.o)
 .debug_frame   0x00004a10       0x40 /opt/st/stm32cubeide_1.15.1/plugins/com.st.stm32cube.ide.mcu.externaltools.gnu-tools-for-stm32.12.3.rel1.linux64_1.0.100.202403111256/tools/bin/../lib/gcc/arm-none-eabi/12.3.1/../../../../arm-none-eabi/lib/thumb/v6-m/nofp/libc_nano.a(libc_a-mlock.o)
 .debug_frame   0x00004a50       0x20 /opt/st/stm32cubeide_1.15.1/plugins/com.st.stm32cube.ide.mcu.externaltools.gnu-tools-for-stm32.12.3.rel1.linux64_1.0.100.202403111256/tools/bin/../lib/gcc/arm-none-eabi/12.3.1/thumb/v6-m/nofp/libgcc.a(_udivsi3.o)

.debug_line_str
                0x00000000       0x5b
 .debug_line_str
                0x00000000       0x5b ./Core/Startup/startup_stm32f031k6ux.o
